{smcl}
{com}{sf}{ul off}{txt}{.-}
      name:  {res}<unnamed>
       {txt}log:  {res}C:\Users\pedm\Documents\GitHub\RetirementConsumptionPSID\Results\Louise\Logit.smcl
  {txt}log type:  {res}smcl
 {txt}opened on:  {res}24 Oct 2018, 00:07:16
{txt}
{com}. use "$folder\Data\Raw\Blau_Kahn_JOLE_2013\1980_1990_1999_blau_kahn_regression_ready_jole_psid_data.dta" 
{txt}
{com}. 
. * gen long x11101ll = ER30001*1000 + ER30002
. * lab var x11101ll "Person identification number"
. 
. gen long pid = id1968*1000 + personid68
{txt}
{com}. lab var pid "Person identification number"
{txt}
{com}. 
. keep if female == 1
{txt}(10,224 observations deleted)

{com}. keep if year == 1999
{txt}(9,165 observations deleted)

{com}. 
. keep pid *exp* age female empstat employed
{txt}
{com}. order pid
{txt}
{com}. 
. rename age age_1999_BK
{res}{txt}
{com}. rename female female_BK
{res}{txt}
{com}. rename empstat empstat_1999
{res}{txt}
{com}. rename employed employed_1999
{res}{txt}
{com}. 
. rename expf expf_1999 // full time exp
{res}{txt}
{com}. rename expp expp_1999 // part time exp
{res}{txt}
{com}. rename expfsq expfsq_1999
{res}{txt}
{com}. rename exppsq exppsq_1999
{res}{txt}
{com}. rename pexp pexp_1999 // potential experience
{res}{txt}
{com}. 
. tempfile BK_data 
{txt}
{com}. save `BK_data', replace
{txt}(note: file C:\Users\pedm\AppData\Local\Temp\ST_3ae8_000001.tmp not found)
file C:\Users\pedm\AppData\Local\Temp\ST_3ae8_000001.tmp saved

{com}. 
. 
. *******************************************************************************************************
. ** Plot the experience data in B - K
. *******************************************************************************************************
. 
. gen exp = expp_ + expf_
{txt}
{com}. collapse expp_* expf_* exp, by(age)
{txt}
{com}. lab var expp_ "Part time experience"
{txt}
{com}. lab var expf_ "Full time experience"
{txt}
{com}. lab var age "Age"
{txt}
{com}. lab var exp "Part + full time experience"
{txt}
{com}. gen pexp = age - 18
{txt}
{com}. lab var pexp "Potential exp = age - 18"
{txt}
{com}. 
. tsset age
{res}{txt}{col 9}time variable:  {res}{col 25}age_1999_BK, 18 to 65
{txt}{col 17}delta:  {res}1 unit
{txt}
{com}. tsline *exp*, name("BlauKahnExperience") title("Blau Kahn Experience")
{res}{txt}
{com}. 
. rename age age
{res}{txt}
{com}. tempfile BK_means
{txt}
{com}. save `BK_means', replace
{txt}(note: file C:\Users\pedm\AppData\Local\Temp\ST_3ae8_000002.tmp not found)
file C:\Users\pedm\AppData\Local\Temp\ST_3ae8_000002.tmp saved

{com}. 
. *******************************************************************************************************
. ** Merge in experience data
. *******************************************************************************************************
. use "$folder/Data/Intermediate/Basic-Panel_Louise.dta", clear
{txt}
{com}. keep if sex_indiv == 2 // only those who are female
{txt}(0 observations deleted)

{com}. 
. xtset pid wave, delta(2)
{res}{txt}{col 8}panel variable:  {res}pid (unbalanced)
{txt}{col 9}time variable:  {res}{col 25}wave, 1999 to 2015, but with gaps
{txt}{col 17}delta:  {res}2 units
{txt}
{com}. merge m:1 pid using `BK_data'
{res}
{txt}{col 5}Result{col 38}# of obs.
{col 5}{hline 41}
{col 5}not matched{col 30}{res}          29,605
{txt}{col 9}from master{col 30}{res}          29,557{txt}  (_merge==1)
{col 9}from using{col 30}{res}              48{txt}  (_merge==2)

{col 5}matched{col 30}{res}          29,888{txt}  (_merge==3)
{col 5}{hline 41}

{com}. 
. * Only keep HHs with at least 4 waves of data
. by pid, sort: egen count_pid = count(pid)
{txt}
{com}. drop if count_pid < 4
{txt}(5,991 observations deleted)

{com}. tab _m

                 {txt}_merge {c |}      Freq.     Percent        Cum.
{hline 24}{c +}{hline 35}
        master only (1) {c |}{res}     24,578       45.94       45.94
{txt}            matched (3) {c |}{res}     28,924       54.06      100.00
{txt}{hline 24}{c +}{hline 35}
                  Total {c |}{res}     53,502      100.00
{txt}
{com}. 
. * What explains the unmatched households?
. * We match almost all the BK households
. * But have lots of HHs in our data that are not in BK
. xtdescribe if _m == 1

     {txt}pid:  {res}4004{txt}, {res}4180{txt}, ..., {res}6872170                          {txt}n ={res}       3747
    {txt}wave:  {res}1999, 2001, ..., 2015                             {txt}T ={res}          9
           {txt}Delta(wave) = {res}2 units
           {txt}Span(wave)  = {res}9 periods
           {txt}(pid*wave uniquely identifies each observation)

Distribution of T_i:   min      5%     25%       50%       75%     95%     max
                    {res}     4       4       5         6         8       9       9

{txt}{col 6}Freq.  Percent    Cum. {c |}  Pattern
 {hline 27}{c +}{c -}{c -}{hline 9}
{res}      866     23.11   23.11{txt} {c |}  {res}111111111
      359      9.58   32.69{txt} {c |}  {res}.....1111
      351      9.37   42.06{txt} {c |}  {res}....11111
      317      8.46   50.52{txt} {c |}  {res}...111111
      303      8.09   58.61{txt} {c |}  {res}.11111111
      275      7.34   65.95{txt} {c |}  {res}..1111111
      121      3.23   69.18{txt} {c |}  {res}11111111.
      105      2.80   71.98{txt} {c |}  {res}1111.....
      102      2.72   74.70{txt} {c |}  {res}1111111..
      948     25.30  100.00{txt} {c |} (other patterns)
 {hline 27}{c +}{c -}{c -}{hline 9}
{res}     3747    100.00        {txt} {c |}  {res}XXXXXXXXX
{txt}
{com}. drop if _m == 1 | _m == 2
{txt}(24,578 observations deleted)

{com}. drop _m
{txt}
{com}. xtdescribe

     {txt}pid:  {res}4006{txt}, {res}4031{txt}, ..., {res}6872171                          {txt}n ={res}       3557
    {txt}wave:  {res}1999, 2001, ..., 2015                             {txt}T ={res}          9
           {txt}Delta(wave) = {res}2 units
           {txt}Span(wave)  = {res}9 periods
           {txt}(pid*wave uniquely identifies each observation)

Distribution of T_i:   min      5%     25%       50%       75%     95%     max
                    {res}     4       5       8         9         9       9       9

{txt}{col 6}Freq.  Percent    Cum. {c |}  Pattern
 {hline 27}{c +}{c -}{c -}{hline 9}
{res}     2316     65.11   65.11{txt} {c |}  {res}111111111
      217      6.10   71.21{txt} {c |}  {res}11111111.
      141      3.96   75.18{txt} {c |}  {res}1111111..
      127      3.57   78.75{txt} {c |}  {res}11111....
      122      3.43   82.18{txt} {c |}  {res}111111...
      121      3.40   85.58{txt} {c |}  {res}1111.....
       45      1.27   86.84{txt} {c |}  {res}1.1111111
       39      1.10   87.94{txt} {c |}  {res}11.111111
       39      1.10   89.04{txt} {c |}  {res}1111111.1
      390     10.96  100.00{txt} {c |} (other patterns)
 {hline 27}{c +}{c -}{c -}{hline 9}
{res}     3557    100.00        {txt} {c |}  {res}XXXXXXXXX
{txt}
{com}. 
. * Whats up with these people where age doesnt match? It's not many... but still weird
. * edit pid wave sex_indiv age age_1999_BK age_spouse rel2head sex_head if age != age_1999_BK
. 
. *******************************************************************************************************
. ** Clean up data
. *******************************************************************************************************
. 
. do "$folder/Do/Louise_project/clean_variables.do"
{txt}
{com}. * clear all
. * set more off
. 
. * global folder "C:\Users\pedm\Documents\GitHub\RetirementConsumptionPSID"
. * * global folder "/Users/bibekbasnet/Documents/GitHub/RetirementConsumptionPSID"
. 
. * use "$folder/Data/Intermediate/Basic-Panel_Louise.dta", clear
. 
. keep if sex_indiv == 2 // only those who are female
{txt}(0 observations deleted)

{com}. 
. * Generate new variables
. gen inc_female = .
{txt}(28,924 missing values generated)

{com}. replace inc_female = inc_head if sex_head == 2 & rel2head == 10
{txt}(10,266 real changes made)

{com}. replace inc_female = inc_spouse if rel2head == 20 & inc_female == .
{txt}(18,585 real changes made)

{com}. 
. inspect inc_female

{res}inc_female:                                     {txt}Number of Observations
{hline 13}                          {hline 39}
                                             Total      Integers   Nonintegers
{c |}  {res}#                         {txt}Negative            {res}-             -             -
{txt}{c |}  {res}#                         {txt}Zero      {res}      7,448         7,448             -
{txt}{c |}  {res}#                         {txt}Positive  {res}     21,403        21,403             -
{txt}{c |}  {res}#                                   {txt}{hline 11}   {hline 11}   {hline 11}
{c |}  {res}#                         {txt}Total     {res}     28,851        28,851             -
{txt}{c |}  {res}#   .   .   .   .         {txt}Missing   {res}         73
{txt}{c +}{hline 22}{col 40}{hline 11}
{res}0               1500000                     28,924
(More than 99 unique values)
{txt}
{com}. sum inc_female inc_fam

{txt}    Variable {c |}        Obs        Mean    Std. Dev.       Min        Max
{hline 13}{c +}{hline 57}
{space 2}inc_female {c |}{res}     28,851    23920.79    30920.81          0    1500000
{txt}{space 5}inc_fam {c |}{res}     28,924    75799.62    108462.3     -99265    6317099
{txt}
{com}. 
. gen inc_male = .
{txt}(28,924 missing values generated)

{com}. replace inc_male = inc_head if sex_head == 1 & rel2head == 20
{txt}(18,566 real changes made)

{com}. replace inc_male = inc_spouse if rel2head == 10 & inc_male == .
{txt}(10,339 real changes made)

{com}. 
. gen wage_rate_female = .
{txt}(28,924 missing values generated)

{com}. replace wage_rate_female = wage_rate_head if sex_head == 2 & rel2head == 10
{txt}(10,252 real changes made)

{com}. replace wage_rate_female = wage_rate_spouse if rel2head == 20 & wage_rate_female == .
{txt}(18,564 real changes made)

{com}. inspect wage_rate_female

{res}wage_rate_female:                               {txt}Number of Observations
{hline 19}                    {hline 39}
                                             Total      Integers   Nonintegers
{c |}  {res}#                         {txt}Negative            {res}-             -             -
{txt}{c |}  {res}#                         {txt}Zero      {res}      7,351         7,351             -
{txt}{c |}  {res}#                         {txt}Positive  {res}     21,465         1,218        20,247
{txt}{c |}  {res}#                                   {txt}{hline 11}   {hline 11}   {hline 11}
{c |}  {res}#                         {txt}Total     {res}     28,816         8,569        20,247
{txt}{c |}  {res}#   .   .   .   .         {txt}Missing   {res}        108
{txt}{c +}{hline 22}{col 40}{hline 11}
{res}0                   999                     28,924
(More than 99 unique values)
{txt}
{com}. 
. gen hours_annual_female = .
{txt}(28,924 missing values generated)

{com}. replace hours_annual_female =  total_hours_head if sex_head == 2 & rel2head == 10
{txt}(10,266 real changes made)

{com}. replace hours_annual_female =  total_hours_spouse if rel2head == 20 & hours_annual_female == .
{txt}(18,585 real changes made)

{com}. 
. gen educ_female = .
{txt}(28,924 missing values generated)

{com}. replace educ_female =  educhead if sex_head == 2 & rel2head == 10
{txt}(10,111 real changes made)

{com}. replace educ_female =  educspouse if rel2head == 20 & educ_female == .
{txt}(18,585 real changes made)

{com}. 
. * gen inc_fam_nofemale = .
. * replace inc_fam_nofemale = inc_fam - inc_head if sex_head == 2 & rel2head == 10
. * replace inc_fam_nofemale = inc_fam - inc_spouse if sex_indiv == 2 & rel2head == 20 & inc_fam_nofemale == . 
. 
. gen race_indiv = .
{txt}(28,924 missing values generated)

{com}. replace race_indiv = racehead if sex_head == 2 & rel2head == 10
{txt}(10,266 real changes made)

{com}. replace race_indiv = race_spouse if rel2head == 20 & race_indiv == .
{txt}(18,585 real changes made)

{com}. label values race_indiv race
{txt}
{com}. 
. gen wage_rate_male = .
{txt}(28,924 missing values generated)

{com}. replace wage_rate_male = wage_rate_head if sex_head == 1 & rel2head == 20
{txt}(18,335 real changes made)

{com}. 
. gen emp_status_1 = .
{txt}(28,924 missing values generated)

{com}. replace emp_status_1 = emp_status_head if sex_head == 2 & rel2head == 10
{txt}(10,266 real changes made)

{com}. replace emp_status_1 = emp_status_spouse if rel2head == 20 & emp_status_1 == .
{txt}(18,585 real changes made)

{com}. label values emp_status_1 emp_status_lab
{txt}
{com}. 
. gen emp_status_2 = .
{txt}(28,924 missing values generated)

{com}. replace emp_status_2 = emp_status_head_2 if sex_head == 2 & rel2head == 10
{txt}(10,266 real changes made)

{com}. replace emp_status_2 = emp_status_spouse_2 if rel2head == 20 & emp_status_2 == .
{txt}(18,585 real changes made)

{com}. label values emp_status_2 emp_status_lab
{txt}
{com}. 
. gen emp_status_3 = .
{txt}(28,924 missing values generated)

{com}. replace emp_status_3 = emp_status_head_3 if sex_head == 2 & rel2head == 10
{txt}(10,266 real changes made)

{com}. replace emp_status_3 = emp_status_spouse_3 if rel2head == 20 & emp_status_3 == .
{txt}(18,585 real changes made)

{com}. label values emp_status_3 emp_status_lab
{txt}
{com}. 
. // Old method
. // egen inc_fam_nonlabor = rowtotal(inc_transfer inc_ss_head inc_ss_spouse inc_ss_ofum foodstamp)
. // asset income is not currently included here 
. 
. // New method: take family income and subtract head and spouse labor income
. egen labor_income_fam = rowtotal(inc_head inc_spouse)
{txt}
{com}. gen inc_fam_nonlabor = inc_fam - labor_income_fam
{txt}
{com}. // TODO: why some ppl with negative?
. count if inc_fam_nonlabor < 0
  {res}150
{txt}
{com}. 
. * preserve
. 
. *       drop if emp_status_spouse == . 
. *       * Create a dummy variable of 1 if a spouse works, 0 otherwise
. *       gen spouse_is_working = (emp_status_spouse == 1)
. 
. *       * Collapse by wave
. *       collapse (mean) percent_of_spouses_working = spouse_is_working, by(wave)
. 
. * restore
. 
. //count if status_average == 1 
. 
. // based on family_id, it creates mean of emp_status_spouse. 
. // If the average is 1, then we know that that the person is working in each of the waves. 
. 
. /// drop if emp_status_spouse == 0
> /// collapse (mean) status_aver = emp_status_spouse, by(pid) 
> 
. // keep if emp_status_spouse == 1 | emp_status_spouse_2 == 1 | emp_status_spouse_3 == 1
. //keeps data of those who said they are working
. 
. // tab emp_status_spouse if emp_status_spouse == 1 & wave == 1999
. // 2,540  this is the total number of women who report that they are working in 1999
. 
. // table wave emp_status_spouse if emp_status_spouse == 1
. // note: We are using a very strict defination of employment_status of women. If the number of observations is low, 
. // we can use a different defination. We are using self reported status of working. This does not include part time work. 
. // We can probably people who work part time if we need higher sample size. 
. // count if rep78 > 4 & weight < 3000
. * table wave emp_status_spouse if emp_status_spouse == 1 
. 
. // count if emp_status_spouse == 1 & year == 1999 & emp_status_spouse == 1 & year == 2001 ///
. // emp_status_spouse == 1 & year == 2003
. 
. 
. 
. * Clean up race variable -- simplify it to 3 categories
. * Also there appear to be some reporting issues: people who claim their races changes. Let's take the mode
. replace race_indiv = 7 if ( race_indiv >= 3 & race_indiv != . ) | race_indiv == 0
{txt}(689 real changes made)

{com}. by pid, sort: egen race_indiv_mode = mode(race_indiv), minmode
{txt}
{com}. drop race_indiv
{txt}
{com}. rename race_indiv_mode race_indiv
{res}{txt}
{com}. label var race_indiv race
{txt}
{com}. 
. label var emp_status_indiv emp_status_lab
{txt}
{com}. 
. keep pid wave family_id rel2head age sex_indiv children fsize ///
> hours_annual_female inc_fam inc_female inc_male inc_fam_nonlabor  ///
> wage_rate_female total_hours_head emp_status_indiv ///
> educ_female spouse_father_educlevel spouse_mother_educlevel year_left_college ret_year ret_year_spouse ///
> children0_2 children3_5 children6_13 children14_17m children14_17f children18_21m children18_21f married ///
> race_indiv wage_rate_male emp_status_1 emp_status_2 emp_status_3 ///
> expf_1999 expp_1999 pexp_1999 metro_pre2015 why_last_job_end*
{txt}
{com}. 
. rename metro_pre2015 urbanicity
{res}{txt}
{com}. replace urbanicity = . if urbanicity == 0
{txt}(103 real changes made, 103 to missing)

{com}. replace urbanicity = . if urbanicity == 99
{txt}(2 real changes made, 2 to missing)

{com}. 
. * Exclude inc_fam_nofemale
. * inc_head inc_spouse
. 
. * Exclude these b/c head vs spouse can change
. * emp_status_head emp_status_spouse
. 
. 
. label variable pid "Person ID"
{txt}
{com}. label variable wave "Wave (year survey was conducted)"
{txt}
{com}. label variable family_id "ID number of the family"
{txt}
{com}. label variable rel2head "Relation to the head of the household"
{txt}
{com}. label variable age "age of the individual"
{txt}
{com}. label variable sex_indiv "Sex of the individual"
{txt}
{com}. label variable children "Number of children in a Family Unit"
{txt}
{com}. label variable fsize "Size of the family unit"
{txt}
{com}. label variable educ_female "Education label of the female"
{txt}
{com}. * label variable emp_status_spouse "Employment status of spouse" // Error: will be missing if the head is not married
. label variable hours_annual_female "Total number of hours worked by a female in an year"
{txt}
{com}. * label variable inc_head "Income of the head"
. label variable inc_fam "Family income (includes labor and non labor)"
{txt}
{com}. label variable inc_female "Labor income of female"
{txt}
{com}. label variable inc_male "Labor income of male"
{txt}
{com}. label variable inc_fam_nonlabor "Family income minus male and female labor income"
{txt}
{com}. 
. * label variable inc_spouse "Total income of the spouse"
. * label variable inc_fam_nofemale "Total income of the family without spouse contribution"
. label variable spouse_father_educlevel "Education level of the spouse's father"
{txt}
{com}. label variable spouse_mother_educlevel "Education level of the spouse's mother"
{txt}
{com}. label variable year_left_college "The year an individual left the highest degree of education"
{txt}
{com}. 
. xtset pid wave, delta(2)
{res}{txt}{col 8}panel variable:  {res}pid (unbalanced)
{txt}{col 9}time variable:  {res}{col 25}wave, 1999 to 2015, but with gaps
{txt}{col 17}delta:  {res}2 units
{txt}
{com}. 
. * saveold "$folder/Data/Intermediate/Basic-Panel-Louise-Final.dta", replace version(13)
. 
. 
{txt}end of do-file

{com}. sort pid wave
{txt}
{com}. 
. * Only keep households observed starting in 1999
. by pid, sort: egen first_wave = min(wave)
{txt}
{com}. keep if first_wave == 1999
{txt}(742 observations deleted)

{com}. * NOTE: if BK measure is inclusive of 1999, then we could keep HHs starting in 2001
. 
. *******************************************************************************************************
. ** Count cumulative experience since 1999
. *******************************************************************************************************
. 
. * method 1: whether you are working in year of survey
. gen working_odd_years = emp_status_1 == 1 | emp_status_2 == 1 | emp_status_3 == 1
{txt}
{com}. 
. * method 2: whether you had positive hours the year before the survey
. gen working_even_years_0 = hours_annual_female > 0
{txt}
{com}. gen working_even_years_100 = hours_annual_female >= 100
{txt}
{com}. gen working_even_years_500 = hours_annual_female >= 500
{txt}
{com}. gen working_even_years_FT = hours_annual_female >= 1500
{txt}
{com}. 
. * choose which definition we want to use
. gen working_even_years = working_even_years_500
{txt}
{com}. 
. * compare method 1 vs method 2
. corr working_even_years working_odd_years
{txt}(obs=28,182)

             {c |} ~n_years w~odd_~s
{hline 13}{c +}{hline 18}
working_ev~s {c |}{res}   1.0000
{txt}working_od~s {c |}{res}   0.7609   1.0000

{txt}
{com}. corr working_even_years_500 working_odd_years
{txt}(obs=28,182)

             {c |} work~500 w~odd_~s
{hline 13}{c +}{hline 18}
working_~500 {c |}{res}   1.0000
{txt}working_od~s {c |}{res}   0.7609   1.0000

{txt}
{com}. corr working_even_years_FT working_odd_years
{txt}(obs=28,182)

             {c |} workin~T w~odd_~s
{hline 13}{c +}{hline 18}
working_ev~T {c |}{res}   1.0000
{txt}working_od~s {c |}{res}   0.6218   1.0000

{txt}
{com}. 
. corr working_even_years L.working_even_years
{txt}(obs=24,301)

             {c |}                 L.
             {c |} ~n_years ~n_years
{hline 13}{c +}{hline 18}
working_ev~s {c |}
         --. {c |}{res}   1.0000
         {txt}L1. {c |}{res}   0.6951   1.0000

{txt}
{com}. corr working_odd_years L.working_odd_years
{txt}(obs=24,301)

             {c |}                 L.
             {c |} w~odd_~s w~odd_~s
{hline 13}{c +}{hline 18}
working_od~s {c |}
         --. {c |}{res}   1.0000
         {txt}L1. {c |}{res}   0.6434   1.0000

{txt}
{com}. 
. /*
> preserve
>         collapse working_*, by(wave)
>         tsset wave
>         tsline work*
> restore
> */
. 
. * cumulative sum of both of these measures
. * in both cases, ignore the first entry (aka either 1998 or 1999)
. gen working_odd_years_censored = working_odd_years
{txt}
{com}. replace working_odd_years_censored = 0 if wave == 1999
{txt}(2,475 real changes made)

{com}. by pid: gen cum_working_odd_years = sum( working_odd_years_censored )
{txt}
{com}. drop working_odd_years_censored 
{txt}
{com}. 
. gen working_even_years_censored = working_even_years
{txt}
{com}. replace working_even_years_censored = 0 if wave == 1999 // i suppose we should ignore work status in 1998
{txt}(2,652 real changes made)

{com}. by pid: gen cum_working_even_years = sum( working_even_years_censored )
{txt}
{com}. drop working_even_years_censored
{txt}
{com}. 
. gen cum_experience_since_1999 = cum_working_even_years + cum_working_odd_years
{txt}
{com}. label var cum_experience_since_1999 "Cumulative Experience since 1999 (includes both odd and even years)"
{txt}
{com}. 
. gen cum_experience = expf_1999 + expp_1999 + cum_experience_since_1999
{txt}
{com}. label var cum_experience "Cumulative Experience (expf_1999 + expp_1999 + cum_experience_since_1999)"
{txt}
{com}. 
. * question: is exp 1999 inclusive or exclusive of 1999?
. 
. *******************************************************************************************************
. * Convert variables to real
. *******************************************************************************************************
. 
. * Merge in CPI
. gen year = wave - 1 // note that expenditure data is for year prior to interview
{txt}
{com}. merge m:1 year using "$folder/Data/Intermediate/CPI.dta"
{res}
{txt}{col 5}Result{col 38}# of obs.
{col 5}{hline 41}
{col 5}not matched{col 30}{res}              25
{txt}{col 9}from master{col 30}{res}               0{txt}  (_merge==1)
{col 9}from using{col 30}{res}              25{txt}  (_merge==2)

{col 5}matched{col 30}{res}          28,182{txt}  (_merge==3)
{col 5}{hline 41}

{com}. drop if _m == 2
{txt}(25 observations deleted)

{com}. drop year _m
{txt}
{com}. 
. local nominal_vars inc_fam inc_female inc_male inc_fam_nonlabor wage_rate_female wage_rate_male
{txt}
{com}. 
. foreach var of varlist `nominal_vars' {c -(}
{txt}  2{com}.         di "`var'"
{txt}  3{com}.         gen `var'_nominal = `var'
{txt}  4{com}.         replace `var'    = 100 * `var' / CPI_all_base_2015
{txt}  5{com}. {c )-}
inc_fam
{txt}(28,063 real changes made)
inc_female
(71 missing values generated)
(20,855 real changes made)
inc_male
(19 missing values generated)
(14,723 real changes made)
inc_fam_nonlabor
(23,276 real changes made)
wage_rate_female
(105 missing values generated)
(20,915 real changes made)
wage_rate_male
(10,310 missing values generated)
(14,870 real changes made)

{com}. 
. * Confirm that the 3 components of family income add up to inc_fam
. * NOTE: inc_fam = inc_female + inc_male + inc_fam_nonlabor
. preserve
{txt}
{com}.         collapse inc_fam inc_male inc_female inc_fam_nonlabor *wage*, by(wave)
{txt}
{com}.         tsset wave
{res}{txt}{col 9}time variable:  {res}{col 25}wave, 1999 to 2015, but with gaps
{txt}{col 17}delta:  {res}1 unit
{txt}
{com}.         * tsline inc*
.         sum inc*

{txt}    Variable {c |}        Obs        Mean    Std. Dev.       Min        Max
{hline 13}{c +}{hline 57}
{space 5}inc_fam {c |}{res}          9    90646.11    3271.815   86670.97   94788.71
{txt}{space 4}inc_male {c |}{res}          9    39999.96    3157.078   33740.39    43044.2
{txt}{space 2}inc_female {c |}{res}          9    28527.19    1622.522   25463.21   30148.46
{txt}inc_fam_no~r {c |}{res}          9    22148.31    3034.946   17717.44   27507.42
{txt}
{com}. restore
{txt}
{com}. 
. *******************************************************************************************************
. ** Sample selection
. *******************************************************************************************************
. 
. * Marital Status:
. * there are some people who dont make sense... how can you be the spouse but not be married?
. rename married marital_status
{res}{txt}
{com}. tab marital_status rel2head

              {txt}{c |} Relation to the head
 Head Marital {c |}   of the household
       Status {c |}      Head  Legal Wif {c |}     Total
{hline 14}{c +}{hline 22}{c +}{hline 10}
      Married {c |}{res}       183     17,948 {txt}{c |}{res}    18,131 
{txt}Never married {c |}{res}     3,589         52 {txt}{c |}{res}     3,641 
{txt}      Widowed {c |}{res}     1,227         40 {txt}{c |}{res}     1,267 
{txt}     Divorced {c |}{res}     3,955         46 {txt}{c |}{res}     4,001 
{txt}    Separated {c |}{res}     1,107         35 {txt}{c |}{res}     1,142 
{txt}{hline 14}{c +}{hline 22}{c +}{hline 10}
        Total {c |}{res}    10,061     18,121 {txt}{c |}{res}    28,182 

{txt}
{com}. drop if rel2head == 10 & marital_status == 1
{txt}(183 observations deleted)

{com}. drop if rel2head == 20 & marital_status == 2
{txt}(52 observations deleted)

{com}. drop if rel2head == 20 & marital_status == 3
{txt}(40 observations deleted)

{com}. drop if rel2head == 20 & marital_status == 4
{txt}(46 observations deleted)

{com}. drop if rel2head == 20 & marital_status == 5
{txt}(35 observations deleted)

{com}. tab marital_status rel2head 

              {txt}{c |} Relation to the head
 Head Marital {c |}   of the household
       Status {c |}      Head  Legal Wif {c |}     Total
{hline 14}{c +}{hline 22}{c +}{hline 10}
      Married {c |}{res}         0     17,948 {txt}{c |}{res}    17,948 
{txt}Never married {c |}{res}     3,589          0 {txt}{c |}{res}     3,589 
{txt}      Widowed {c |}{res}     1,227          0 {txt}{c |}{res}     1,227 
{txt}     Divorced {c |}{res}     3,955          0 {txt}{c |}{res}     3,955 
{txt}    Separated {c |}{res}     1,107          0 {txt}{c |}{res}     1,107 
{txt}{hline 14}{c +}{hline 22}{c +}{hline 10}
        Total {c |}{res}     9,878     17,948 {txt}{c |}{res}    27,826 

{txt}
{com}. 
. tab marital_status

 {txt}Head Marital {c |}
       Status {c |}      Freq.     Percent        Cum.
{hline 14}{c +}{hline 35}
      Married {c |}{res}     17,948       64.50       64.50
{txt}Never married {c |}{res}      3,589       12.90       77.40
{txt}      Widowed {c |}{res}      1,227        4.41       81.81
{txt}     Divorced {c |}{res}      3,955       14.21       96.02
{txt}    Separated {c |}{res}      1,107        3.98      100.00
{txt}{hline 14}{c +}{hline 35}
        Total {c |}{res}     27,826      100.00
{txt}
{com}. keep if marital_status == 1
{txt}(9,878 observations deleted)

{com}. keep if age >= 18 & age <= 65
{txt}(1,197 observations deleted)

{com}. 
. * Keep only those observed 4 + waves (after sample selection)
. * drop count_pid
. by pid, sort: egen count_pid = count(pid)
{txt}
{com}. drop if count_pid < 4
{txt}(960 observations deleted)

{com}. xtdescribe

     {txt}pid:  {res}4031{txt}, {res}4036{txt}, ..., {res}6872171                          {txt}n ={res}       2121
    {txt}wave:  {res}1999, 2001, ..., 2015                             {txt}T ={res}          9
           {txt}Delta(wave) = {res}2 units
           {txt}Span(wave)  = {res}9 periods
           {txt}(pid*wave uniquely identifies each observation)

Distribution of T_i:   min      5%     25%       50%       75%     95%     max
                    {res}     4       4       6         8         9       9       9

{txt}{col 6}Freq.  Percent    Cum. {c |}  Pattern
 {hline 27}{c +}{c -}{c -}{hline 9}
{res}      955     45.03   45.03{txt} {c |}  {res}111111111
      197      9.29   54.31{txt} {c |}  {res}11111111.
      155      7.31   61.62{txt} {c |}  {res}1111.....
      138      6.51   68.13{txt} {c |}  {res}111111...
      133      6.27   74.40{txt} {c |}  {res}1111111..
      126      5.94   80.34{txt} {c |}  {res}11111....
       28      1.32   81.66{txt} {c |}  {res}.11111111
       25      1.18   82.84{txt} {c |}  {res}..1111111
       20      0.94   83.78{txt} {c |}  {res}....11111
      344     16.22  100.00{txt} {c |} (other patterns)
 {hline 27}{c +}{c -}{c -}{hline 9}
{res}     2121    100.00        {txt} {c |}  {res}XXXXXXXXX
{txt}
{com}. 
. saveold "$folder/Data/Intermediate/Basic-Panel-Louise-Final.dta", replace version(13)
{txt}(saving in Stata 13 format)
file C:\Users\pedm\Documents\GitHub\RetirementConsumptionPSID/Data/Intermediate/Basic-Panel-Louise-Final.dta saved

{com}. 
. * NOTE: should i drop cases where theres one year of missing data in the middle of four good obs?
. 
. 
. * Questions:
. * why some negative obs for inc_fam ?
. * top coding on wage_rate_head etc?
. * drop those with very high or low wages?
. 
. preserve
{txt}
{com}.         keep CPI_gasoline wave 
{txt}
{com}.         duplicates drop

{p 0 4}{txt}Duplicates in terms of {txt} all variables{p_end}

(15,782 observations deleted)

{com}.         sort wave 
{txt}
{com}.         tsset wave
{res}{txt}{col 9}time variable:  {res}{col 25}wave, 1999 to 2015, but with gaps
{txt}{col 17}delta:  {res}1 unit
{txt}
{com}.         tsline CPI, name(gas, replace)
{res}{txt}
{com}. restore
{txt}
{com}. 
. *******************************************************************************************************
. ** Look into the power of the first stage regression
. *******************************************************************************************************
. 
. * NOTE: seems results look pretty different when we restrict sample
. * I'm guessing that gas prices are correlated with the recession in some way
. * keep if wave <= 2005
. gen workstatus = hours_annual_female > 0 & hours_annual_female != .
{txt}
{com}. gen inc_nonfemale = inc_fam - inc_female
{txt}
{com}. gen age2 = age^2
{txt}
{com}. gen educ_preHS = educ_female < 12
{txt}
{com}. gen educ_HS = educ_female == 12
{txt}
{com}. gen educ_some_college = educ_female > 12 & educ_female < 16
{txt}
{com}. gen educ_college = educ_female == 16
{txt}
{com}. gen educ_beyond = educ_female > 16
{txt}
{com}. 
. 
. * Initial logit with very few controls
. logit workstatus i.urbanicity CPI_gasoline age children* 

{res}{txt}Iteration 0:{space 3}log likelihood = {res:-7416.1482}  
Iteration 1:{space 3}log likelihood = {res:-7068.2582}  
Iteration 2:{space 3}log likelihood = {res:-7058.2796}  
Iteration 3:{space 3}log likelihood = {res:-7058.2589}  
Iteration 4:{space 3}log likelihood = {res:-7058.2589}  
{res}
{txt}Logistic regression{col 49}Number of obs{col 67}= {res}    14,493
{txt}{col 49}LR chi2({res}18{txt}){col 67}= {res}    715.78
{txt}{col 49}Prob > chi2{col 67}= {res}    0.0000
{txt}Log likelihood = {res}-7058.2589{txt}{col 49}Pseudo R2{col 67}= {res}    0.0483

{txt}{hline 15}{c TT}{hline 11}{hline 11}{hline 9}{hline 8}{hline 13}{hline 12}
{col 1}    workstatus{col 16}{c |}      Coef.{col 28}   Std. Err.{col 40}      z{col 48}   P>|z|{col 56}     [95% Con{col 69}f. Interval]
{hline 15}{c +}{hline 11}{hline 11}{hline 9}{hline 8}{hline 13}{hline 12}
{space 4}urbanicity {c |}
{space 12}2  {c |}{col 16}{res}{space 2} .0974185{col 28}{space 2} .0705771{col 39}{space 1}    1.38{col 48}{space 3}0.167{col 56}{space 4}  -.04091{col 69}{space 3}  .235747
{txt}{space 12}3  {c |}{col 16}{res}{space 2}-.0500581{col 28}{space 2} .0643562{col 39}{space 1}   -0.78{col 48}{space 3}0.437{col 56}{space 4}-.1761939{col 69}{space 3} .0760776
{txt}{space 12}4  {c |}{col 16}{res}{space 2}-.1798703{col 28}{space 2}  .086205{col 39}{space 1}   -2.09{col 48}{space 3}0.037{col 56}{space 4}-.3488291{col 69}{space 3}-.0109115
{txt}{space 12}5  {c |}{col 16}{res}{space 2}-.2371757{col 28}{space 2} .1093711{col 39}{space 1}   -2.17{col 48}{space 3}0.030{col 56}{space 4}-.4515391{col 69}{space 3}-.0228123
{txt}{space 12}6  {c |}{col 16}{res}{space 2}-.2951609{col 28}{space 2} .1194979{col 39}{space 1}   -2.47{col 48}{space 3}0.014{col 56}{space 4}-.5293726{col 69}{space 3}-.0609493
{txt}{space 12}7  {c |}{col 16}{res}{space 2}-.0979487{col 28}{space 2} .0860013{col 39}{space 1}   -1.14{col 48}{space 3}0.255{col 56}{space 4}-.2665081{col 69}{space 3} .0706107
{txt}{space 12}8  {c |}{col 16}{res}{space 2}-.0264486{col 28}{space 2} .0826686{col 39}{space 1}   -0.32{col 48}{space 3}0.749{col 56}{space 4}-.1884761{col 69}{space 3} .1355789
{txt}{space 12}9  {c |}{col 16}{res}{space 2}-.1959036{col 28}{space 2} .1162727{col 39}{space 1}   -1.68{col 48}{space 3}0.092{col 56}{space 4}-.4237938{col 69}{space 3} .0319866
{txt}{space 14} {c |}
{space 2}CPI_gasoline {c |}{col 16}{res}{space 2} .0001776{col 28}{space 2}  .000304{col 39}{space 1}    0.58{col 48}{space 3}0.559{col 56}{space 4}-.0004182{col 69}{space 3} .0007734
{txt}{space 11}age {c |}{col 16}{res}{space 2} -.068039{col 28}{space 2} .0030305{col 39}{space 1}  -22.45{col 48}{space 3}0.000{col 56}{space 4}-.0739786{col 69}{space 3}-.0620994
{txt}{space 6}children {c |}{col 16}{res}{space 2}-1.196533{col 28}{space 2} .7836409{col 39}{space 1}   -1.53{col 48}{space 3}0.127{col 56}{space 4}-2.732441{col 69}{space 3} .3393752
{txt}{space 3}children0_2 {c |}{col 16}{res}{space 2} .4825501{col 28}{space 2} .7870489{col 39}{space 1}    0.61{col 48}{space 3}0.540{col 56}{space 4}-1.060037{col 69}{space 3} 2.025138
{txt}{space 3}children3_5 {c |}{col 16}{res}{space 2} .5200659{col 28}{space 2} .7853764{col 39}{space 1}    0.66{col 48}{space 3}0.508{col 56}{space 4}-1.019244{col 69}{space 3} 2.059375
{txt}{space 2}children6_13 {c |}{col 16}{res}{space 2} .8447496{col 28}{space 2} .7839068{col 39}{space 1}    1.08{col 48}{space 3}0.281{col 56}{space 4}-.6916794{col 69}{space 3} 2.381179
{txt}children14_17m {c |}{col 16}{res}{space 2} 1.221762{col 28}{space 2}  .786297{col 39}{space 1}    1.55{col 48}{space 3}0.120{col 56}{space 4}-.3193523{col 69}{space 3} 2.762875
{txt}children14_17f {c |}{col 16}{res}{space 2} 1.158551{col 28}{space 2} .7871635{col 39}{space 1}    1.47{col 48}{space 3}0.141{col 56}{space 4}-.3842607{col 69}{space 3} 2.701363
{txt}children18_21m {c |}{col 16}{res}{space 2} .1356345{col 28}{space 2} .0726549{col 39}{space 1}    1.87{col 48}{space 3}0.062{col 56}{space 4}-.0067665{col 69}{space 3} .2780355
{txt}children18_21f {c |}{col 16}{res}{space 2} .1742073{col 28}{space 2} .0794718{col 39}{space 1}    2.19{col 48}{space 3}0.028{col 56}{space 4} .0184453{col 69}{space 3} .3299692
{txt}{space 9}_cons {c |}{col 16}{res}{space 2}  4.85913{col 28}{space 2} .1622506{col 39}{space 1}   29.95{col 48}{space 3}0.000{col 56}{space 4} 4.541125{col 69}{space 3} 5.177135
{txt}{hline 15}{c BT}{hline 11}{hline 11}{hline 9}{hline 8}{hline 13}{hline 12}

{com}. logit workstatus i.urbanicity##c.CPI_gasoline age children*

{res}{txt}Iteration 0:{space 3}log likelihood = {res:-7416.1482}  
Iteration 1:{space 3}log likelihood = {res:-7062.7566}  
Iteration 2:{space 3}log likelihood = {res:-7052.3804}  
Iteration 3:{space 3}log likelihood = {res: -7052.358}  
Iteration 4:{space 3}log likelihood = {res: -7052.358}  
{res}
{txt}Logistic regression{col 49}Number of obs{col 67}= {res}    14,493
{txt}{col 49}LR chi2({res}26{txt}){col 67}= {res}    727.58
{txt}{col 49}Prob > chi2{col 67}= {res}    0.0000
{txt}Log likelihood = {res} -7052.358{txt}{col 49}Pseudo R2{col 67}= {res}    0.0491

{txt}{hline 26}{c TT}{hline 11}{hline 11}{hline 9}{hline 8}{hline 13}{hline 12}
{col 1}               workstatus{col 27}{c |}      Coef.{col 39}   Std. Err.{col 51}      z{col 59}   P>|z|{col 67}     [95% Con{col 80}f. Interval]
{hline 26}{c +}{hline 11}{hline 11}{hline 9}{hline 8}{hline 13}{hline 12}
{space 15}urbanicity {c |}
{space 23}2  {c |}{col 27}{res}{space 2}-.4040457{col 39}{space 2} .1966447{col 50}{space 1}   -2.05{col 59}{space 3}0.040{col 67}{space 4}-.7894623{col 80}{space 3}-.0186291
{txt}{space 23}3  {c |}{col 27}{res}{space 2} -.417324{col 39}{space 2} .1795528{col 50}{space 1}   -2.32{col 59}{space 3}0.020{col 67}{space 4}-.7692411{col 80}{space 3}-.0654069
{txt}{space 23}4  {c |}{col 27}{res}{space 2} -.481856{col 39}{space 2} .2428612{col 50}{space 1}   -1.98{col 59}{space 3}0.047{col 67}{space 4}-.9578552{col 80}{space 3}-.0058568
{txt}{space 23}5  {c |}{col 27}{res}{space 2}-.2956116{col 39}{space 2} .3117278{col 50}{space 1}   -0.95{col 59}{space 3}0.343{col 67}{space 4}-.9065868{col 80}{space 3} .3153637
{txt}{space 23}6  {c |}{col 27}{res}{space 2}-.9861087{col 39}{space 2} .3281684{col 50}{space 1}   -3.00{col 59}{space 3}0.003{col 67}{space 4}-1.629307{col 80}{space 3}-.3429105
{txt}{space 23}7  {c |}{col 27}{res}{space 2}-.3275679{col 39}{space 2} .2422608{col 50}{space 1}   -1.35{col 59}{space 3}0.176{col 67}{space 4}-.8023904{col 80}{space 3} .1472547
{txt}{space 23}8  {c |}{col 27}{res}{space 2}-.2322914{col 39}{space 2} .2315793{col 50}{space 1}   -1.00{col 59}{space 3}0.316{col 67}{space 4}-.6861784{col 80}{space 3} .2215956
{txt}{space 23}9  {c |}{col 27}{res}{space 2}-.3133401{col 39}{space 2} .3277968{col 50}{space 1}   -0.96{col 59}{space 3}0.339{col 67}{space 4}  -.95581{col 80}{space 3} .3291298
{txt}{space 25} {c |}
{space 13}CPI_gasoline {c |}{col 27}{res}{space 2}-.0012561{col 39}{space 2} .0006628{col 50}{space 1}   -1.90{col 59}{space 3}0.058{col 67}{space 4}-.0025551{col 80}{space 3}  .000043
{txt}{space 25} {c |}
urbanicity#c.CPI_gasoline {c |}
{space 23}2  {c |}{col 27}{res}{space 2} .0026134{col 39}{space 2} .0009558{col 50}{space 1}    2.73{col 59}{space 3}0.006{col 67}{space 4} .0007401{col 80}{space 3} .0044867
{txt}{space 23}3  {c |}{col 27}{res}{space 2} .0019156{col 39}{space 2} .0008695{col 50}{space 1}    2.20{col 59}{space 3}0.028{col 67}{space 4} .0002114{col 80}{space 3} .0036197
{txt}{space 23}4  {c |}{col 27}{res}{space 2} .0015733{col 39}{space 2} .0011709{col 50}{space 1}    1.34{col 59}{space 3}0.179{col 67}{space 4}-.0007216{col 80}{space 3} .0038682
{txt}{space 23}5  {c |}{col 27}{res}{space 2} .0003272{col 39}{space 2} .0014863{col 50}{space 1}    0.22{col 59}{space 3}0.826{col 67}{space 4} -.002586{col 80}{space 3} .0032403
{txt}{space 23}6  {c |}{col 27}{res}{space 2} .0035849{col 39}{space 2}  .001601{col 50}{space 1}    2.24{col 59}{space 3}0.025{col 67}{space 4} .0004469{col 80}{space 3} .0067228
{txt}{space 23}7  {c |}{col 27}{res}{space 2} .0011999{col 39}{space 2} .0011655{col 50}{space 1}    1.03{col 59}{space 3}0.303{col 67}{space 4}-.0010845{col 80}{space 3} .0034843
{txt}{space 23}8  {c |}{col 27}{res}{space 2} .0010751{col 39}{space 2} .0011165{col 50}{space 1}    0.96{col 59}{space 3}0.336{col 67}{space 4}-.0011133{col 80}{space 3} .0032634
{txt}{space 23}9  {c |}{col 27}{res}{space 2} .0006034{col 39}{space 2} .0016048{col 50}{space 1}    0.38{col 59}{space 3}0.707{col 67}{space 4}-.0025419{col 80}{space 3} .0037487
{txt}{space 25} {c |}
{space 22}age {c |}{col 27}{res}{space 2}-.0681982{col 39}{space 2} .0030326{col 50}{space 1}  -22.49{col 59}{space 3}0.000{col 67}{space 4}-.0741419{col 80}{space 3}-.0622544
{txt}{space 17}children {c |}{col 27}{res}{space 2}-1.175698{col 39}{space 2} .7808381{col 50}{space 1}   -1.51{col 59}{space 3}0.132{col 67}{space 4}-2.706113{col 80}{space 3} .3547166
{txt}{space 14}children0_2 {c |}{col 27}{res}{space 2} .4622633{col 39}{space 2} .7842465{col 50}{space 1}    0.59{col 59}{space 3}0.556{col 67}{space 4}-1.074832{col 80}{space 3} 1.999358
{txt}{space 14}children3_5 {c |}{col 27}{res}{space 2}  .495573{col 39}{space 2} .7825905{col 50}{space 1}    0.63{col 59}{space 3}0.527{col 67}{space 4}-1.038276{col 80}{space 3} 2.029422
{txt}{space 13}children6_13 {c |}{col 27}{res}{space 2} .8209859{col 39}{space 2} .7811118{col 50}{space 1}    1.05{col 59}{space 3}0.293{col 67}{space 4} -.709965{col 80}{space 3} 2.351937
{txt}{space 11}children14_17m {c |}{col 27}{res}{space 2}   1.1991{col 39}{space 2}  .783527{col 50}{space 1}    1.53{col 59}{space 3}0.126{col 67}{space 4}-.3365843{col 80}{space 3} 2.734785
{txt}{space 11}children14_17f {c |}{col 27}{res}{space 2} 1.137892{col 39}{space 2} .7844166{col 50}{space 1}    1.45{col 59}{space 3}0.147{col 67}{space 4}-.3995363{col 80}{space 3}  2.67532
{txt}{space 11}children18_21m {c |}{col 27}{res}{space 2} .1354195{col 39}{space 2} .0726824{col 50}{space 1}    1.86{col 59}{space 3}0.062{col 67}{space 4}-.0070354{col 80}{space 3} .2778744
{txt}{space 11}children18_21f {c |}{col 27}{res}{space 2} .1773675{col 39}{space 2} .0795971{col 50}{space 1}    2.23{col 59}{space 3}0.026{col 67}{space 4}   .02136{col 80}{space 3}  .333375
{txt}{space 20}_cons {c |}{col 27}{res}{space 2}  5.14343{col 39}{space 2} .2004983{col 50}{space 1}   25.65{col 59}{space 3}0.000{col 67}{space 4} 4.750461{col 80}{space 3}   5.5364
{txt}{hline 26}{c BT}{hline 11}{hline 11}{hline 9}{hline 8}{hline 13}{hline 12}

{com}. 
. * Logit with more controls
. logit workstatus i.urbanicity CPI_gasoline age age2 children* inc_nonfemale i.race educ_*

{txt}note: educ_beyond omitted because of collinearity
{res}{txt}Iteration 0:{space 3}log likelihood = {res:-7416.1482}  
Iteration 1:{space 3}log likelihood = {res:-6787.6153}  
Iteration 2:{space 3}log likelihood = {res:-6755.5615}  
Iteration 3:{space 3}log likelihood = {res: -6755.466}  
Iteration 4:{space 3}log likelihood = {res: -6755.466}  
{res}
{txt}Logistic regression{col 49}Number of obs{col 67}= {res}    14,493
{txt}{col 49}LR chi2({res}27{txt}){col 67}= {res}   1321.36
{txt}{col 49}Prob > chi2{col 67}= {res}    0.0000
{txt}Log likelihood = {res} -6755.466{txt}{col 49}Pseudo R2{col 67}= {res}    0.0891

{txt}{hline 18}{c TT}{hline 11}{hline 11}{hline 9}{hline 8}{hline 13}{hline 12}
{col 1}       workstatus{col 19}{c |}      Coef.{col 31}   Std. Err.{col 43}      z{col 51}   P>|z|{col 59}     [95% Con{col 72}f. Interval]
{hline 18}{c +}{hline 11}{hline 11}{hline 9}{hline 8}{hline 13}{hline 12}
{space 7}urbanicity {c |}
{space 15}2  {c |}{col 19}{res}{space 2} .1098192{col 31}{space 2} .0737296{col 42}{space 1}    1.49{col 51}{space 3}0.136{col 59}{space 4}-.0346882{col 72}{space 3} .2543267
{txt}{space 15}3  {c |}{col 19}{res}{space 2}-.0588817{col 31}{space 2} .0668057{col 42}{space 1}   -0.88{col 51}{space 3}0.378{col 59}{space 4}-.1898185{col 72}{space 3} .0720551
{txt}{space 15}4  {c |}{col 19}{res}{space 2}-.1087969{col 31}{space 2} .0905986{col 42}{space 1}   -1.20{col 51}{space 3}0.230{col 59}{space 4}-.2863669{col 72}{space 3} .0687731
{txt}{space 15}5  {c |}{col 19}{res}{space 2}-.1308714{col 31}{space 2} .1141036{col 42}{space 1}   -1.15{col 51}{space 3}0.251{col 59}{space 4}-.3545104{col 72}{space 3} .0927676
{txt}{space 15}6  {c |}{col 19}{res}{space 2}-.2928766{col 31}{space 2} .1224039{col 42}{space 1}   -2.39{col 51}{space 3}0.017{col 59}{space 4}-.5327839{col 72}{space 3}-.0529693
{txt}{space 15}7  {c |}{col 19}{res}{space 2} .0346087{col 31}{space 2} .0906544{col 42}{space 1}    0.38{col 51}{space 3}0.703{col 59}{space 4}-.1430706{col 72}{space 3}  .212288
{txt}{space 15}8  {c |}{col 19}{res}{space 2} .0940984{col 31}{space 2} .0864261{col 42}{space 1}    1.09{col 51}{space 3}0.276{col 59}{space 4}-.0752937{col 72}{space 3} .2634904
{txt}{space 15}9  {c |}{col 19}{res}{space 2}-.0258514{col 31}{space 2}   .12132{col 42}{space 1}   -0.21{col 51}{space 3}0.831{col 59}{space 4}-.2636342{col 72}{space 3} .2119314
{txt}{space 17} {c |}
{space 5}CPI_gasoline {c |}{col 19}{res}{space 2}-.0004051{col 31}{space 2} .0003175{col 42}{space 1}   -1.28{col 51}{space 3}0.202{col 59}{space 4}-.0010273{col 72}{space 3} .0002171
{txt}{space 14}age {c |}{col 19}{res}{space 2} .1160646{col 31}{space 2} .0194437{col 42}{space 1}    5.97{col 51}{space 3}0.000{col 59}{space 4} .0779558{col 72}{space 3} .1541735
{txt}{space 13}age2 {c |}{col 19}{res}{space 2} -.001988{col 31}{space 2} .0002091{col 42}{space 1}   -9.51{col 51}{space 3}0.000{col 59}{space 4}-.0023978{col 72}{space 3}-.0015782
{txt}{space 9}children {c |}{col 19}{res}{space 2}-1.229965{col 31}{space 2} .7679424{col 42}{space 1}   -1.60{col 51}{space 3}0.109{col 59}{space 4}-2.735104{col 72}{space 3} .2751744
{txt}{space 6}children0_2 {c |}{col 19}{res}{space 2} .5750504{col 31}{space 2} .7716077{col 42}{space 1}    0.75{col 51}{space 3}0.456{col 59}{space 4} -.937273{col 72}{space 3} 2.087374
{txt}{space 6}children3_5 {c |}{col 19}{res}{space 2} .5593172{col 31}{space 2} .7698271{col 42}{space 1}    0.73{col 51}{space 3}0.468{col 59}{space 4}-.9495162{col 72}{space 3} 2.068151
{txt}{space 5}children6_13 {c |}{col 19}{res}{space 2} .8340277{col 31}{space 2} .7681967{col 42}{space 1}    1.09{col 51}{space 3}0.278{col 59}{space 4}-.6716101{col 72}{space 3} 2.339666
{txt}{space 3}children14_17m {c |}{col 19}{res}{space 2} 1.167419{col 31}{space 2} .7706837{col 42}{space 1}    1.51{col 51}{space 3}0.130{col 59}{space 4}-.3430929{col 72}{space 3} 2.677932
{txt}{space 3}children14_17f {c |}{col 19}{res}{space 2} 1.108383{col 31}{space 2} .7715317{col 42}{space 1}    1.44{col 51}{space 3}0.151{col 59}{space 4}-.4037916{col 72}{space 3} 2.620557
{txt}{space 3}children18_21m {c |}{col 19}{res}{space 2} .0854098{col 31}{space 2} .0752117{col 42}{space 1}    1.14{col 51}{space 3}0.256{col 59}{space 4}-.0620024{col 72}{space 3}  .232822
{txt}{space 3}children18_21f {c |}{col 19}{res}{space 2} .1075339{col 31}{space 2} .0823725{col 42}{space 1}    1.31{col 51}{space 3}0.192{col 59}{space 4}-.0539132{col 72}{space 3}  .268981
{txt}{space 4}inc_nonfemale {c |}{col 19}{res}{space 2}-2.16e-06{col 31}{space 2} 2.18e-07{col 42}{space 1}   -9.92{col 51}{space 3}0.000{col 59}{space 4}-2.59e-06{col 72}{space 3}-1.74e-06
{txt}{space 17} {c |}
{space 7}race_indiv {c |}
{space 15}2  {c |}{col 19}{res}{space 2} .2084188{col 31}{space 2} .0586921{col 42}{space 1}    3.55{col 51}{space 3}0.000{col 59}{space 4} .0933843{col 72}{space 3} .3234532
{txt}{space 15}7  {c |}{col 19}{res}{space 2}-.3042155{col 31}{space 2} .1309178{col 42}{space 1}   -2.32{col 51}{space 3}0.020{col 59}{space 4}-.5608096{col 72}{space 3}-.0476213
{txt}{space 17} {c |}
{space 6}educ_female {c |}{col 19}{res}{space 2}-.0065128{col 31}{space 2} .0022047{col 42}{space 1}   -2.95{col 51}{space 3}0.003{col 59}{space 4}-.0108338{col 72}{space 3}-.0021917
{txt}{space 7}educ_preHS {c |}{col 19}{res}{space 2}-1.726917{col 31}{space 2} .1043102{col 42}{space 1}  -16.56{col 51}{space 3}0.000{col 59}{space 4}-1.931361{col 72}{space 3}-1.522473
{txt}{space 10}educ_HS {c |}{col 19}{res}{space 2}-.7817573{col 31}{space 2} .0845917{col 42}{space 1}   -9.24{col 51}{space 3}0.000{col 59}{space 4} -.947554{col 72}{space 3}-.6159606
{txt}educ_some_college {c |}{col 19}{res}{space 2}-.4871716{col 31}{space 2} .0841921{col 42}{space 1}   -5.79{col 51}{space 3}0.000{col 59}{space 4}-.6521851{col 72}{space 3}-.3221581
{txt}{space 5}educ_college {c |}{col 19}{res}{space 2}-.1491158{col 31}{space 2} .0887222{col 42}{space 1}   -1.68{col 51}{space 3}0.093{col 59}{space 4}-.3230082{col 72}{space 3} .0247766
{txt}{space 6}educ_beyond {c |}{col 19}{res}{space 2}        0{col 31}{txt}  (omitted)
{space 12}_cons {c |}{col 19}{res}{space 2} 1.765188{col 31}{space 2} .4596448{col 42}{space 1}    3.84{col 51}{space 3}0.000{col 59}{space 4} .8643004{col 72}{space 3} 2.666075
{txt}{hline 18}{c BT}{hline 11}{hline 11}{hline 9}{hline 8}{hline 13}{hline 12}

{com}. logit workstatus i.urbanicity##c.CPI_gasoline age age2 children* inc_nonfemale i.race educ_*

{txt}note: educ_beyond omitted because of collinearity
{res}{txt}Iteration 0:{space 3}log likelihood = {res:-7416.1482}  
Iteration 1:{space 3}log likelihood = {res:-6782.5834}  
Iteration 2:{space 3}log likelihood = {res:-6749.9949}  
Iteration 3:{space 3}log likelihood = {res:-6749.8949}  
Iteration 4:{space 3}log likelihood = {res:-6749.8949}  
{res}
{txt}Logistic regression{col 49}Number of obs{col 67}= {res}    14,493
{txt}{col 49}LR chi2({res}35{txt}){col 67}= {res}   1332.51
{txt}{col 49}Prob > chi2{col 67}= {res}    0.0000
{txt}Log likelihood = {res}-6749.8949{txt}{col 49}Pseudo R2{col 67}= {res}    0.0898

{txt}{hline 26}{c TT}{hline 11}{hline 11}{hline 9}{hline 8}{hline 13}{hline 12}
{col 1}               workstatus{col 27}{c |}      Coef.{col 39}   Std. Err.{col 51}      z{col 59}   P>|z|{col 67}     [95% Con{col 80}f. Interval]
{hline 26}{c +}{hline 11}{hline 11}{hline 9}{hline 8}{hline 13}{hline 12}
{space 15}urbanicity {c |}
{space 23}2  {c |}{col 27}{res}{space 2}-.4004163{col 39}{space 2} .2025752{col 50}{space 1}   -1.98{col 59}{space 3}0.048{col 67}{space 4}-.7974564{col 80}{space 3}-.0033763
{txt}{space 23}3  {c |}{col 27}{res}{space 2}-.3678747{col 39}{space 2} .1845541{col 50}{space 1}   -1.99{col 59}{space 3}0.046{col 67}{space 4} -.729594{col 80}{space 3}-.0061553
{txt}{space 23}4  {c |}{col 27}{res}{space 2}-.4509408{col 39}{space 2} .2495228{col 50}{space 1}   -1.81{col 59}{space 3}0.071{col 67}{space 4}-.9399965{col 80}{space 3} .0381149
{txt}{space 23}5  {c |}{col 27}{res}{space 2} -.085193{col 39}{space 2} .3201464{col 50}{space 1}   -0.27{col 59}{space 3}0.790{col 67}{space 4}-.7126683{col 80}{space 3} .5422824
{txt}{space 23}6  {c |}{col 27}{res}{space 2} -.854178{col 39}{space 2} .3350627{col 50}{space 1}   -2.55{col 59}{space 3}0.011{col 67}{space 4}-1.510889{col 80}{space 3}-.1974672
{txt}{space 23}7  {c |}{col 27}{res}{space 2}-.1559764{col 39}{space 2} .2492967{col 50}{space 1}   -0.63{col 59}{space 3}0.532{col 67}{space 4}-.6445889{col 80}{space 3}  .332636
{txt}{space 23}8  {c |}{col 27}{res}{space 2} -.108288{col 39}{space 2} .2375334{col 50}{space 1}   -0.46{col 59}{space 3}0.648{col 67}{space 4}-.5738449{col 80}{space 3} .3572689
{txt}{space 23}9  {c |}{col 27}{res}{space 2} -.034658{col 39}{space 2}  .336635{col 50}{space 1}   -0.10{col 59}{space 3}0.918{col 67}{space 4}-.6944505{col 80}{space 3} .6251346
{txt}{space 25} {c |}
{space 13}CPI_gasoline {c |}{col 27}{res}{space 2}-.0017033{col 39}{space 2} .0006875{col 50}{space 1}   -2.48{col 59}{space 3}0.013{col 67}{space 4}-.0030509{col 80}{space 3}-.0003558
{txt}{space 25} {c |}
urbanicity#c.CPI_gasoline {c |}
{space 23}2  {c |}{col 27}{res}{space 2} .0026624{col 39}{space 2} .0009854{col 50}{space 1}    2.70{col 59}{space 3}0.007{col 67}{space 4} .0007312{col 80}{space 3} .0045937
{txt}{space 23}3  {c |}{col 27}{res}{space 2} .0016156{col 39}{space 2} .0008954{col 50}{space 1}    1.80{col 59}{space 3}0.071{col 67}{space 4}-.0001393{col 80}{space 3} .0033706
{txt}{space 23}4  {c |}{col 27}{res}{space 2} .0017767{col 39}{space 2} .0012028{col 50}{space 1}    1.48{col 59}{space 3}0.140{col 67}{space 4}-.0005808{col 80}{space 3} .0041342
{txt}{space 23}5  {c |}{col 27}{res}{space 2}-.0002148{col 39}{space 2}  .001526{col 50}{space 1}   -0.14{col 59}{space 3}0.888{col 67}{space 4}-.0032058{col 80}{space 3} .0027762
{txt}{space 23}6  {c |}{col 27}{res}{space 2} .0029247{col 39}{space 2} .0016362{col 50}{space 1}    1.79{col 59}{space 3}0.074{col 67}{space 4}-.0002822{col 80}{space 3} .0061316
{txt}{space 23}7  {c |}{col 27}{res}{space 2}  .000996{col 39}{space 2} .0011998{col 50}{space 1}    0.83{col 59}{space 3}0.406{col 67}{space 4}-.0013556{col 80}{space 3} .0033475
{txt}{space 23}8  {c |}{col 27}{res}{space 2} .0010587{col 39}{space 2} .0011484{col 50}{space 1}    0.92{col 59}{space 3}0.357{col 67}{space 4}-.0011922{col 80}{space 3} .0033097
{txt}{space 23}9  {c |}{col 27}{res}{space 2} .0000234{col 39}{space 2} .0016506{col 50}{space 1}    0.01{col 59}{space 3}0.989{col 67}{space 4}-.0032118{col 80}{space 3} .0032586
{txt}{space 25} {c |}
{space 22}age {c |}{col 27}{res}{space 2} .1165138{col 39}{space 2} .0194705{col 50}{space 1}    5.98{col 59}{space 3}0.000{col 67}{space 4} .0783524{col 80}{space 3} .1546752
{txt}{space 21}age2 {c |}{col 27}{res}{space 2}-.0019944{col 39}{space 2} .0002094{col 50}{space 1}   -9.53{col 59}{space 3}0.000{col 67}{space 4}-.0024048{col 80}{space 3}-.0015841
{txt}{space 17}children {c |}{col 27}{res}{space 2}-1.212317{col 39}{space 2} .7651183{col 50}{space 1}   -1.58{col 59}{space 3}0.113{col 67}{space 4}-2.711921{col 80}{space 3} .2872875
{txt}{space 14}children0_2 {c |}{col 27}{res}{space 2} .5583725{col 39}{space 2} .7687832{col 50}{space 1}    0.73{col 59}{space 3}0.468{col 67}{space 4}-.9484148{col 80}{space 3}  2.06516
{txt}{space 14}children3_5 {c |}{col 27}{res}{space 2} .5378393{col 39}{space 2} .7670137{col 50}{space 1}    0.70{col 59}{space 3}0.483{col 67}{space 4}-.9654799{col 80}{space 3} 2.041159
{txt}{space 13}children6_13 {c |}{col 27}{res}{space 2} .8135833{col 39}{space 2} .7653829{col 50}{space 1}    1.06{col 59}{space 3}0.288{col 67}{space 4}-.6865396{col 80}{space 3} 2.313706
{txt}{space 11}children14_17m {c |}{col 27}{res}{space 2} 1.148729{col 39}{space 2} .7678973{col 50}{space 1}    1.50{col 59}{space 3}0.135{col 67}{space 4}-.3563219{col 80}{space 3}  2.65378
{txt}{space 11}children14_17f {c |}{col 27}{res}{space 2} 1.091082{col 39}{space 2} .7687711{col 50}{space 1}    1.42{col 59}{space 3}0.156{col 67}{space 4}-.4156815{col 80}{space 3} 2.597846
{txt}{space 11}children18_21m {c |}{col 27}{res}{space 2} .0857651{col 39}{space 2} .0752492{col 50}{space 1}    1.14{col 59}{space 3}0.254{col 67}{space 4}-.0617206{col 80}{space 3} .2332509
{txt}{space 11}children18_21f {c |}{col 27}{res}{space 2}  .109962{col 39}{space 2} .0824982{col 50}{space 1}    1.33{col 59}{space 3}0.183{col 67}{space 4}-.0517315{col 80}{space 3} .2716555
{txt}{space 12}inc_nonfemale {c |}{col 27}{res}{space 2}-2.17e-06{col 39}{space 2} 2.18e-07{col 50}{space 1}   -9.92{col 59}{space 3}0.000{col 67}{space 4}-2.59e-06{col 80}{space 3}-1.74e-06
{txt}{space 25} {c |}
{space 15}race_indiv {c |}
{space 23}2  {c |}{col 27}{res}{space 2} .2060987{col 39}{space 2} .0587445{col 50}{space 1}    3.51{col 59}{space 3}0.000{col 67}{space 4} .0909616{col 80}{space 3} .3212358
{txt}{space 23}7  {c |}{col 27}{res}{space 2}-.2987296{col 39}{space 2} .1310865{col 50}{space 1}   -2.28{col 59}{space 3}0.023{col 67}{space 4}-.5556545{col 80}{space 3}-.0418047
{txt}{space 25} {c |}
{space 14}educ_female {c |}{col 27}{res}{space 2}-.0065113{col 39}{space 2} .0022058{col 50}{space 1}   -2.95{col 59}{space 3}0.003{col 67}{space 4}-.0108345{col 80}{space 3} -.002188
{txt}{space 15}educ_preHS {c |}{col 27}{res}{space 2}-1.729951{col 39}{space 2} .1044191{col 50}{space 1}  -16.57{col 59}{space 3}0.000{col 67}{space 4}-1.934608{col 80}{space 3}-1.525293
{txt}{space 18}educ_HS {c |}{col 27}{res}{space 2}-.7803553{col 39}{space 2} .0846613{col 50}{space 1}   -9.22{col 59}{space 3}0.000{col 67}{space 4}-.9462884{col 80}{space 3}-.6144221
{txt}{space 8}educ_some_college {c |}{col 27}{res}{space 2}-.4902715{col 39}{space 2} .0843015{col 50}{space 1}   -5.82{col 59}{space 3}0.000{col 67}{space 4}-.6554993{col 80}{space 3}-.3250436
{txt}{space 13}educ_college {c |}{col 27}{res}{space 2}-.1493666{col 39}{space 2} .0888062{col 50}{space 1}   -1.68{col 59}{space 3}0.093{col 67}{space 4}-.3234236{col 80}{space 3} .0246904
{txt}{space 14}educ_beyond {c |}{col 27}{res}{space 2}        0{col 39}{txt}  (omitted)
{space 20}_cons {c |}{col 27}{res}{space 2} 2.010376{col 39}{space 2} .4770716{col 50}{space 1}    4.21{col 59}{space 3}0.000{col 67}{space 4} 1.075333{col 80}{space 3} 2.945419
{txt}{hline 26}{c BT}{hline 11}{hline 11}{hline 9}{hline 8}{hline 13}{hline 12}

{com}. 
. sum CPI_gasoline, detail

                    {txt}Gasoline (all types)
{hline 61}
      Percentiles      Smallest
 1%    {res}     91.6           91.6
{txt} 5%    {res}     91.6           91.6
{txt}10%    {res}     91.6           91.6       {txt}Obs         {res}     15,791
{txt}25%    {res}    128.6           91.6       {txt}Sum of Wgt. {res}     15,791

{txt}50%    {res}    219.9                      {txt}Mean          {res} 194.5443
                        {txt}Largest       Std. Dev.     {res} 75.94883
{txt}75%    {res}  277.457         311.47
{txt}90%    {res}  290.889         311.47       {txt}Variance      {res} 5768.225
{txt}95%    {res}   311.47         311.47       {txt}Skewness      {res} .1268926
{txt}99%    {res}   311.47         311.47       {txt}Kurtosis      {res} 1.516679
{txt}
{com}. margins urbanicity, at(CPI_gas = 311 )
{res}
{txt}Predictive margins{col 49}Number of obs{col 67}= {res}    14,493
{txt}Model VCE{col 14}: {res}OIM

{txt}{p2colset 1 14 16 2}{...}
{p2col:Expression}:{space 1}{res:Pr(workstatus), predict()}{p_end}
{p2colreset}{...}
{txt}{p2colset 1 14 16 2}{...}
{p2col:at}:{space 1}{res:{txt:CPI_gasoline}{space 4}{txt:=} {space 8}311}{p_end}
{p2colreset}{...}

{res}{txt}{hline 13}{c TT}{hline 11}{hline 11}{hline 9}{hline 8}{hline 13}{hline 12}
{col 14}{c |}{col 26} Delta-method
{col 14}{c |}     Margin{col 26}   Std. Err.{col 38}      z{col 46}   P>|z|{col 54}     [95% Con{col 67}f. Interval]
{hline 13}{c +}{hline 11}{hline 11}{hline 9}{hline 8}{hline 13}{hline 12}
{space 2}urbanicity {c |}
{space 10}1  {c |}{col 14}{res}{space 2} .7613288{col 26}{space 2} .0157359{col 37}{space 1}   48.38{col 46}{space 3}0.000{col 54}{space 4} .7304869{col 67}{space 3} .7921707
{txt}{space 10}2  {c |}{col 14}{res}{space 2} .8243604{col 26}{space 2} .0135272{col 37}{space 1}   60.94{col 46}{space 3}0.000{col 54}{space 4} .7978476{col 67}{space 3} .8508733
{txt}{space 10}3  {c |}{col 14}{res}{space 2} .7826377{col 26}{space 2} .0128384{col 37}{space 1}   60.96{col 46}{space 3}0.000{col 54}{space 4} .7574749{col 67}{space 3} .8078004
{txt}{space 10}4  {c |}{col 14}{res}{space 2} .7775389{col 26}{space 2} .0216378{col 37}{space 1}   35.93{col 46}{space 3}0.000{col 54}{space 4} .7351295{col 67}{space 3} .8199483
{txt}{space 10}5  {c |}{col 14}{res}{space 2} .7356726{col 26}{space 2} .0326375{col 37}{space 1}   22.54{col 46}{space 3}0.000{col 54}{space 4} .6717043{col 67}{space 3}  .799641
{txt}{space 10}6  {c |}{col 14}{res}{space 2} .7702628{col 26}{space 2} .0338473{col 37}{space 1}   22.76{col 46}{space 3}0.000{col 54}{space 4} .7039233{col 67}{space 3} .8366023
{txt}{space 10}7  {c |}{col 14}{res}{space 2} .7855643{col 26}{space 2} .0210093{col 37}{space 1}   37.39{col 46}{space 3}0.000{col 54}{space 4} .7443867{col 67}{space 3} .8267418
{txt}{space 10}8  {c |}{col 14}{res}{space 2}  .795606{col 26}{space 2} .0192053{col 37}{space 1}   41.43{col 46}{space 3}0.000{col 54}{space 4} .7579644{col 67}{space 3} .8332476
{txt}{space 10}9  {c |}{col 14}{res}{space 2} .7568294{col 26}{space 2} .0352186{col 37}{space 1}   21.49{col 46}{space 3}0.000{col 54}{space 4} .6878022{col 67}{space 3} .8258566
{txt}{hline 13}{c BT}{hline 11}{hline 11}{hline 9}{hline 8}{hline 13}{hline 12}
{res}{txt}
{com}. margins urbanicity, at(CPI_gas = 91.6 )
{res}
{txt}Predictive margins{col 49}Number of obs{col 67}= {res}    14,493
{txt}Model VCE{col 14}: {res}OIM

{txt}{p2colset 1 14 16 2}{...}
{p2col:Expression}:{space 1}{res:Pr(workstatus), predict()}{p_end}
{p2colreset}{...}
{txt}{p2colset 1 14 16 2}{...}
{p2col:at}:{space 1}{res:{txt:CPI_gasoline}{space 4}{txt:=} {space 7}91.6}{p_end}
{p2colreset}{...}

{res}{txt}{hline 13}{c TT}{hline 11}{hline 11}{hline 9}{hline 8}{hline 13}{hline 12}
{col 14}{c |}{col 26} Delta-method
{col 14}{c |}     Margin{col 26}   Std. Err.{col 38}      z{col 46}   P>|z|{col 54}     [95% Con{col 67}f. Interval]
{hline 13}{c +}{hline 11}{hline 11}{hline 9}{hline 8}{hline 13}{hline 12}
{space 2}urbanicity {c |}
{space 10}1  {c |}{col 14}{res}{space 2} .8171674{col 26}{space 2}  .011694{col 37}{space 1}   69.88{col 46}{space 3}0.000{col 54}{space 4} .7942476{col 67}{space 3} .8400873
{txt}{space 10}2  {c |}{col 14}{res}{space 2} .7950468{col 26}{space 2} .0130387{col 37}{space 1}   60.98{col 46}{space 3}0.000{col 54}{space 4} .7694915{col 67}{space 3} .8206021
{txt}{space 10}3  {c |}{col 14}{res}{space 2} .7855746{col 26}{space 2} .0111897{col 37}{space 1}   70.21{col 46}{space 3}0.000{col 54}{space 4} .7636432{col 67}{space 3} .8075061
{txt}{space 10}4  {c |}{col 14}{res}{space 2} .7750237{col 26}{space 2} .0197388{col 37}{space 1}   39.26{col 46}{space 3}0.000{col 54}{space 4} .7363364{col 67}{space 3} .8137109
{txt}{space 10}5  {c |}{col 14}{res}{space 2} .8025507{col 26}{space 2} .0252441{col 37}{space 1}   31.79{col 46}{space 3}0.000{col 54}{space 4} .7530731{col 67}{space 3} .8520283
{txt}{space 10}6  {c |}{col 14}{res}{space 2} .7249906{col 26}{space 2} .0330001{col 37}{space 1}   21.97{col 46}{space 3}0.000{col 54}{space 4} .6603115{col 67}{space 3} .7896697
{txt}{space 10}7  {c |}{col 14}{res}{space 2} .8082396{col 26}{space 2} .0176429{col 37}{space 1}   45.81{col 46}{space 3}0.000{col 54}{space 4} .7736602{col 67}{space 3} .8428191
{txt}{space 10}8  {c |}{col 14}{res}{space 2} .8156308{col 26}{space 2} .0160002{col 37}{space 1}   50.98{col 46}{space 3}0.000{col 54}{space 4}  .784271{col 67}{space 3} .8469906
{txt}{space 10}9  {c |}{col 14}{res}{space 2} .8127229{col 26}{space 2} .0253715{col 37}{space 1}   32.03{col 46}{space 3}0.000{col 54}{space 4} .7629957{col 67}{space 3} .8624501
{txt}{hline 13}{c BT}{hline 11}{hline 11}{hline 9}{hline 8}{hline 13}{hline 12}
{res}{txt}
{com}. 
. *******************************************************************************************************
. ** Sample Selection
. *******************************************************************************************************
. 
. * Try different options for sample selection
. keep if wave == 1999 | wave == 2001 | wave == 2003 | wave == 2005
{txt}(7,928 observations deleted)

{com}. * keep if wave == 2009 | wave == 2011 | wave == 2013 | wave == 2015
. 
. * keep if wave == 1999 | wave == 2005 | wave == 2013 // gives 1253 households
. * keep if wave == 1999 | wave == 2001 | wave == 2003 // gives 1820 households
. * keep if wave == 2001 | wave == 2003 | wave == 2005 // gives 1858 households. min gas price = 116, max = 159
. * keep if wave == 2003 | wave == 2005 | wave == 2007 // gives 1740
. * keep if wave == 1999 | wave == 2005 | wave == 2007 // gives 1679 
. * keep if wave == 1999 | wave == 2003 | wave == 2005 // gives 1822 households. min gas price = 91, max = 159 
. * keep if wave == 1999 | wave == 2003 | wave == 2007 // gives 1659 households. min gas price = 91, max = 219
. 
. * Select women who are observed for all 3 waves
. by pid, sort: egen c = count(wave)
{txt}
{com}. keep if c == 4
{txt}(695 observations deleted)

{com}. drop c
{txt}
{com}. 
. *******************************************************************************************************
. ** How many women work the whole four years?
. *******************************************************************************************************
. 
. * Count number of years working during this subsample
. by pid, sort: egen years_working_even = total(working_even_years )
{txt}
{com}. by pid, sort: egen years_working_odd = total(working_odd_years )
{txt}
{com}. gen working_combined = working_even_years + working_odd_years
{txt}
{com}. by pid, sort: egen years_working_combined = total( working_combined )
{txt}
{com}. 
. * Display number of years working during 2001-2005
. preserve
{txt}
{com}.         keep if wave == 2001
{txt}(5,376 observations deleted)

{com}.         tab years_working_even

{txt}years_worki {c |}
    ng_even {c |}      Freq.     Percent        Cum.
{hline 12}{c +}{hline 35}
          0 {c |}{res}        230       12.83       12.83
{txt}          1 {c |}{res}        104        5.80       18.64
{txt}          2 {c |}{res}        160        8.93       27.57
{txt}          3 {c |}{res}        234       13.06       40.63
{txt}          4 {c |}{res}      1,064       59.38      100.00
{txt}{hline 12}{c +}{hline 35}
      Total {c |}{res}      1,792      100.00
{txt}
{com}.         tab years_working_odd

{txt}years_worki {c |}
     ng_odd {c |}      Freq.     Percent        Cum.
{hline 12}{c +}{hline 35}
          0 {c |}{res}        230       12.83       12.83
{txt}          1 {c |}{res}        129        7.20       20.03
{txt}          2 {c |}{res}        155        8.65       28.68
{txt}          3 {c |}{res}        289       16.13       44.81
{txt}          4 {c |}{res}        989       55.19      100.00
{txt}{hline 12}{c +}{hline 35}
      Total {c |}{res}      1,792      100.00
{txt}
{com}.         tab years_working_combined

{txt}years_worki {c |}
ng_combined {c |}      Freq.     Percent        Cum.
{hline 12}{c +}{hline 35}
          0 {c |}{res}        192       10.71       10.71
{txt}          1 {c |}{res}         52        2.90       13.62
{txt}          2 {c |}{res}         63        3.52       17.13
{txt}          3 {c |}{res}         67        3.74       20.87
{txt}          4 {c |}{res}         83        4.63       25.50
{txt}          5 {c |}{res}         90        5.02       30.52
{txt}          6 {c |}{res}        139        7.76       38.28
{txt}          7 {c |}{res}        199       11.10       49.39
{txt}          8 {c |}{res}        907       50.61      100.00
{txt}{hline 12}{c +}{hline 35}
      Total {c |}{res}      1,792      100.00
{txt}
{com}. restore
{txt}
{com}. 
. sort pid wave
{txt}
{com}. xtdescribe

     {txt}pid:  {res}4173{txt}, {res}4179{txt}, ..., {res}6872171                          {txt}n ={res}       1792
    {txt}wave:  {res}1999, 2001, ..., 2005                             {txt}T ={res}          4
           {txt}Delta(wave) = {res}2 units
           {txt}Span(wave)  = {res}4 periods
           {txt}(pid*wave uniquely identifies each observation)

Distribution of T_i:   min      5%     25%       50%       75%     95%     max
                    {res}     4       4       4         4         4       4       4

{txt}{col 6}Freq.  Percent    Cum. {c |}  Pattern
 {hline 27}{c +}{c -}{c -}{hline 7}
{res}     1792    100.00  100.00{txt} {c |}  {res}1111
{txt} {hline 27}{c +}{c -}{c -}{hline 7}
{res}     1792    100.00        {txt} {c |}  {res}XXXX
{txt}
{com}. * saveold "$folder/Data/Intermediate/Basic-Panel-Louise-2001-to-2005.dta", replace version(13)
. 
. saveold "$folder/Data/Intermediate/Basic-Panel-Louise-1999-to-2005.dta", replace version(13)
{txt}(saving in Stata 13 format)
file C:\Users\pedm\Documents\GitHub\RetirementConsumptionPSID/Data/Intermediate/Basic-Panel-Louise-1999-to-2005.dta saved

{com}. * saveold "$folder/Data/Intermediate/Basic-Panel-Louise-2009-to-2015.dta", replace version(13)
. 
. *******************************************************************************************************
. ** Logit on the 2001 to 2005 sample
. *******************************************************************************************************
. 
. sum CPI_gasoline, detail

                    {txt}Gasoline (all types)
{hline 61}
      Percentiles      Smallest
 1%    {res}     91.6           91.6
{txt} 5%    {res}     91.6           91.6
{txt}10%    {res}     91.6           91.6       {txt}Obs         {res}      7,168
{txt}25%    {res}    103.8           91.6       {txt}Sum of Wgt. {res}      7,168

{txt}50%    {res}    122.3                      {txt}Mean          {res}  123.975
                        {txt}Largest       Std. Dev.     {res} 24.54457
{txt}75%    {res}   144.15          159.7
{txt}90%    {res}    159.7          159.7       {txt}Variance      {res} 602.4359
{txt}95%    {res}    159.7          159.7       {txt}Skewness      {res} .1902993
{txt}99%    {res}    159.7          159.7       {txt}Kurtosis      {res} 1.882423
{txt}
{com}. local p1 `r(p1)'
{txt}
{com}. local p99 `r(p99)'
{txt}
{com}. di `p1'
{res}91.6
{txt}
{com}. di `p99'
{res}159.7
{txt}
{com}. 
. replace urbanicity = 4 if urbanicity >= 4 // Population less than 250k 
{txt}(2,201 real changes made)

{com}. 
. logit workstatus i.urbanicity#c.CPI_gasoline age age2 children* inc_nonfemale i.race educ_*

{txt}note: educ_beyond omitted because of collinearity
{res}{txt}Iteration 0:{space 3}log likelihood = {res:-3507.0096}  
Iteration 1:{space 3}log likelihood = {res:-3193.6236}  
Iteration 2:{space 3}log likelihood = {res:-3174.9647}  
Iteration 3:{space 3}log likelihood = {res:-3174.8903}  
Iteration 4:{space 3}log likelihood = {res:-3174.8903}  
{res}
{txt}Logistic regression{col 49}Number of obs{col 67}= {res}     7,168
{txt}{col 49}LR chi2({res}22{txt}){col 67}= {res}    664.24
{txt}{col 49}Prob > chi2{col 67}= {res}    0.0000
{txt}Log likelihood = {res}-3174.8903{txt}{col 49}Pseudo R2{col 67}= {res}    0.0947

{txt}{hline 26}{c TT}{hline 11}{hline 11}{hline 9}{hline 8}{hline 13}{hline 12}
{col 1}               workstatus{col 27}{c |}      Coef.{col 39}   Std. Err.{col 51}      z{col 59}   P>|z|{col 67}     [95% Con{col 80}f. Interval]
{hline 26}{c +}{hline 11}{hline 11}{hline 9}{hline 8}{hline 13}{hline 12}
urbanicity#c.CPI_gasoline {c |}
{space 23}1  {c |}{col 27}{res}{space 2}  .000343{col 39}{space 2} .0014428{col 50}{space 1}    0.24{col 59}{space 3}0.812{col 67}{space 4}-.0024848{col 80}{space 3} .0031708
{txt}{space 23}2  {c |}{col 27}{res}{space 2} .0001653{col 39}{space 2} .0014396{col 50}{space 1}    0.11{col 59}{space 3}0.909{col 67}{space 4}-.0026563{col 80}{space 3} .0029869
{txt}{space 23}3  {c |}{col 27}{res}{space 2}-.0012796{col 39}{space 2}  .001385{col 50}{space 1}   -0.92{col 59}{space 3}0.356{col 67}{space 4}-.0039942{col 80}{space 3}  .001435
{txt}{space 23}4  {c |}{col 27}{res}{space 2}-.0006672{col 39}{space 2} .0013536{col 50}{space 1}   -0.49{col 59}{space 3}0.622{col 67}{space 4}-.0033201{col 80}{space 3} .0019857
{txt}{space 25} {c |}
{space 22}age {c |}{col 27}{res}{space 2} .0682251{col 39}{space 2}  .029227{col 50}{space 1}    2.33{col 59}{space 3}0.020{col 67}{space 4} .0109413{col 80}{space 3}  .125509
{txt}{space 21}age2 {c |}{col 27}{res}{space 2}-.0015312{col 39}{space 2} .0003277{col 50}{space 1}   -4.67{col 59}{space 3}0.000{col 67}{space 4}-.0021735{col 80}{space 3}-.0008889
{txt}{space 17}children {c |}{col 27}{res}{space 2}-1.667821{col 39}{space 2} 1.020326{col 50}{space 1}   -1.63{col 59}{space 3}0.102{col 67}{space 4}-3.667623{col 80}{space 3} .3319816
{txt}{space 14}children0_2 {c |}{col 27}{res}{space 2} .7316322{col 39}{space 2} 1.024732{col 50}{space 1}    0.71{col 59}{space 3}0.475{col 67}{space 4}-1.276805{col 80}{space 3} 2.740069
{txt}{space 14}children3_5 {c |}{col 27}{res}{space 2} .9263311{col 39}{space 2} 1.023158{col 50}{space 1}    0.91{col 59}{space 3}0.365{col 67}{space 4}-1.079022{col 80}{space 3} 2.931684
{txt}{space 13}children6_13 {c |}{col 27}{res}{space 2} 1.285926{col 39}{space 2} 1.020691{col 50}{space 1}    1.26{col 59}{space 3}0.208{col 67}{space 4}-.7145914{col 80}{space 3} 3.286444
{txt}{space 11}children14_17m {c |}{col 27}{res}{space 2} 1.649405{col 39}{space 2} 1.026007{col 50}{space 1}    1.61{col 59}{space 3}0.108{col 67}{space 4}-.3615315{col 80}{space 3} 3.660341
{txt}{space 11}children14_17f {c |}{col 27}{res}{space 2} 1.583509{col 39}{space 2} 1.025647{col 50}{space 1}    1.54{col 59}{space 3}0.123{col 67}{space 4}-.4267219{col 80}{space 3} 3.593741
{txt}{space 11}children18_21m {c |}{col 27}{res}{space 2} .1892891{col 39}{space 2} .1085861{col 50}{space 1}    1.74{col 59}{space 3}0.081{col 67}{space 4}-.0235357{col 80}{space 3} .4021138
{txt}{space 11}children18_21f {c |}{col 27}{res}{space 2} .2598823{col 39}{space 2} .1150962{col 50}{space 1}    2.26{col 59}{space 3}0.024{col 67}{space 4} .0342978{col 80}{space 3} .4854668
{txt}{space 12}inc_nonfemale {c |}{col 27}{res}{space 2}-2.46e-06{col 39}{space 2} 3.24e-07{col 50}{space 1}   -7.60{col 59}{space 3}0.000{col 67}{space 4}-3.10e-06{col 80}{space 3}-1.83e-06
{txt}{space 25} {c |}
{space 15}race_indiv {c |}
{space 23}2  {c |}{col 27}{res}{space 2} .3545461{col 39}{space 2} .0913256{col 50}{space 1}    3.88{col 59}{space 3}0.000{col 67}{space 4} .1755512{col 80}{space 3} .5335411
{txt}{space 23}7  {c |}{col 27}{res}{space 2}-.4111184{col 39}{space 2} .1915509{col 50}{space 1}   -2.15{col 59}{space 3}0.032{col 67}{space 4}-.7865512{col 80}{space 3}-.0356855
{txt}{space 25} {c |}
{space 14}educ_female {c |}{col 27}{res}{space 2}-.0025232{col 39}{space 2} .0039891{col 50}{space 1}   -0.63{col 59}{space 3}0.527{col 67}{space 4}-.0103417{col 80}{space 3} .0052952
{txt}{space 15}educ_preHS {c |}{col 27}{res}{space 2}-1.622243{col 39}{space 2}  .158018{col 50}{space 1}  -10.27{col 59}{space 3}0.000{col 67}{space 4}-1.931952{col 80}{space 3}-1.312533
{txt}{space 18}educ_HS {c |}{col 27}{res}{space 2}-.6090341{col 39}{space 2} .1314788{col 50}{space 1}   -4.63{col 59}{space 3}0.000{col 67}{space 4}-.8667278{col 80}{space 3}-.3513403
{txt}{space 8}educ_some_college {c |}{col 27}{res}{space 2}-.3083112{col 39}{space 2} .1318965{col 50}{space 1}   -2.34{col 59}{space 3}0.019{col 67}{space 4}-.5668235{col 80}{space 3}-.0497989
{txt}{space 13}educ_college {c |}{col 27}{res}{space 2} -.039759{col 39}{space 2}  .137078{col 50}{space 1}   -0.29{col 59}{space 3}0.772{col 67}{space 4} -.308427{col 80}{space 3} .2289089
{txt}{space 14}educ_beyond {c |}{col 27}{res}{space 2}        0{col 39}{txt}  (omitted)
{space 20}_cons {c |}{col 27}{res}{space 2} 2.759733{col 39}{space 2} .6789869{col 50}{space 1}    4.06{col 59}{space 3}0.000{col 67}{space 4} 1.428943{col 80}{space 3} 4.090523
{txt}{hline 26}{c BT}{hline 11}{hline 11}{hline 9}{hline 8}{hline 13}{hline 12}

{com}. logit workstatus i.urbanicity##c.CPI_gasoline age age2 children* inc_nonfemale i.race educ_*

{txt}note: educ_beyond omitted because of collinearity
{res}{txt}Iteration 0:{space 3}log likelihood = {res:-3507.0096}  
Iteration 1:{space 3}log likelihood = {res:-3193.3822}  
Iteration 2:{space 3}log likelihood = {res: -3174.682}  
Iteration 3:{space 3}log likelihood = {res:-3174.6069}  
Iteration 4:{space 3}log likelihood = {res:-3174.6069}  
{res}
{txt}Logistic regression{col 49}Number of obs{col 67}= {res}     7,168
{txt}{col 49}LR chi2({res}25{txt}){col 67}= {res}    664.81
{txt}{col 49}Prob > chi2{col 67}= {res}    0.0000
{txt}Log likelihood = {res}-3174.6069{txt}{col 49}Pseudo R2{col 67}= {res}    0.0948

{txt}{hline 26}{c TT}{hline 11}{hline 11}{hline 9}{hline 8}{hline 13}{hline 12}
{col 1}               workstatus{col 27}{c |}      Coef.{col 39}   Std. Err.{col 51}      z{col 59}   P>|z|{col 67}     [95% Con{col 80}f. Interval]
{hline 26}{c +}{hline 11}{hline 11}{hline 9}{hline 8}{hline 13}{hline 12}
{space 15}urbanicity {c |}
{space 23}2  {c |}{col 27}{res}{space 2}   -.1547{col 39}{space 2}  .557044{col 50}{space 1}   -0.28{col 59}{space 3}0.781{col 67}{space 4}-1.246486{col 80}{space 3} .9370862
{txt}{space 23}3  {c |}{col 27}{res}{space 2}-.3672731{col 39}{space 2} .5044324{col 50}{space 1}   -0.73{col 59}{space 3}0.467{col 67}{space 4}-1.355942{col 80}{space 3} .6213963
{txt}{space 23}4  {c |}{col 27}{res}{space 2}-.1501208{col 39}{space 2} .4661855{col 50}{space 1}   -0.32{col 59}{space 3}0.747{col 67}{space 4}-1.063828{col 80}{space 3} .7635861
{txt}{space 25} {c |}
{space 13}CPI_gasoline {c |}{col 27}{res}{space 2} -.001033{col 39}{space 2} .0030436{col 50}{space 1}   -0.34{col 59}{space 3}0.734{col 67}{space 4}-.0069983{col 80}{space 3} .0049322
{txt}{space 25} {c |}
urbanicity#c.CPI_gasoline {c |}
{space 23}2  {c |}{col 27}{res}{space 2} .0010167{col 39}{space 2} .0043631{col 50}{space 1}    0.23{col 59}{space 3}0.816{col 67}{space 4}-.0075348{col 80}{space 3} .0095681
{txt}{space 23}3  {c |}{col 27}{res}{space 2} .0012074{col 39}{space 2} .0039633{col 50}{space 1}    0.30{col 59}{space 3}0.761{col 67}{space 4}-.0065606{col 80}{space 3} .0089754
{txt}{space 23}4  {c |}{col 27}{res}{space 2} .0001482{col 39}{space 2} .0036534{col 50}{space 1}    0.04{col 59}{space 3}0.968{col 67}{space 4}-.0070123{col 80}{space 3} .0073087
{txt}{space 25} {c |}
{space 22}age {c |}{col 27}{res}{space 2} .0679246{col 39}{space 2} .0292395{col 50}{space 1}    2.32{col 59}{space 3}0.020{col 67}{space 4} .0106163{col 80}{space 3}  .125233
{txt}{space 21}age2 {c |}{col 27}{res}{space 2}-.0015283{col 39}{space 2} .0003278{col 50}{space 1}   -4.66{col 59}{space 3}0.000{col 67}{space 4}-.0021709{col 80}{space 3}-.0008858
{txt}{space 17}children {c |}{col 27}{res}{space 2}-1.667161{col 39}{space 2} 1.020556{col 50}{space 1}   -1.63{col 59}{space 3}0.102{col 67}{space 4}-3.667414{col 80}{space 3} .3330927
{txt}{space 14}children0_2 {c |}{col 27}{res}{space 2} .7306285{col 39}{space 2} 1.024968{col 50}{space 1}    0.71{col 59}{space 3}0.476{col 67}{space 4}-1.278272{col 80}{space 3} 2.739529
{txt}{space 14}children3_5 {c |}{col 27}{res}{space 2} .9256003{col 39}{space 2} 1.023375{col 50}{space 1}    0.90{col 59}{space 3}0.366{col 67}{space 4}-1.080178{col 80}{space 3} 2.931378
{txt}{space 13}children6_13 {c |}{col 27}{res}{space 2} 1.284727{col 39}{space 2} 1.020914{col 50}{space 1}    1.26{col 59}{space 3}0.208{col 67}{space 4}-.7162276{col 80}{space 3} 3.285682
{txt}{space 11}children14_17m {c |}{col 27}{res}{space 2} 1.647512{col 39}{space 2} 1.026252{col 50}{space 1}    1.61{col 59}{space 3}0.108{col 67}{space 4}-.3639044{col 80}{space 3} 3.658929
{txt}{space 11}children14_17f {c |}{col 27}{res}{space 2} 1.583294{col 39}{space 2} 1.025918{col 50}{space 1}    1.54{col 59}{space 3}0.123{col 67}{space 4}-.4274682{col 80}{space 3} 3.594056
{txt}{space 11}children18_21m {c |}{col 27}{res}{space 2} .1908282{col 39}{space 2} .1086334{col 50}{space 1}    1.76{col 59}{space 3}0.079{col 67}{space 4}-.0220894{col 80}{space 3} .4037458
{txt}{space 11}children18_21f {c |}{col 27}{res}{space 2} .2605197{col 39}{space 2} .1151319{col 50}{space 1}    2.26{col 59}{space 3}0.024{col 67}{space 4} .0348654{col 80}{space 3}  .486174
{txt}{space 12}inc_nonfemale {c |}{col 27}{res}{space 2}-2.46e-06{col 39}{space 2} 3.24e-07{col 50}{space 1}   -7.59{col 59}{space 3}0.000{col 67}{space 4}-3.10e-06{col 80}{space 3}-1.83e-06
{txt}{space 25} {c |}
{space 15}race_indiv {c |}
{space 23}2  {c |}{col 27}{res}{space 2} .3534228{col 39}{space 2} .0913847{col 50}{space 1}    3.87{col 59}{space 3}0.000{col 67}{space 4}  .174312{col 80}{space 3} .5325336
{txt}{space 23}7  {c |}{col 27}{res}{space 2}-.4118344{col 39}{space 2} .1915799{col 50}{space 1}   -2.15{col 59}{space 3}0.032{col 67}{space 4}-.7873241{col 80}{space 3}-.0363447
{txt}{space 25} {c |}
{space 14}educ_female {c |}{col 27}{res}{space 2} -.002563{col 39}{space 2} .0039878{col 50}{space 1}   -0.64{col 59}{space 3}0.520{col 67}{space 4}-.0103789{col 80}{space 3} .0052528
{txt}{space 15}educ_preHS {c |}{col 27}{res}{space 2}-1.622835{col 39}{space 2} .1580867{col 50}{space 1}  -10.27{col 59}{space 3}0.000{col 67}{space 4}-1.932679{col 80}{space 3}-1.312991
{txt}{space 18}educ_HS {c |}{col 27}{res}{space 2}-.6091431{col 39}{space 2} .1315148{col 50}{space 1}   -4.63{col 59}{space 3}0.000{col 67}{space 4}-.8669073{col 80}{space 3}-.3513788
{txt}{space 8}educ_some_college {c |}{col 27}{res}{space 2}-.3085093{col 39}{space 2} .1319226{col 50}{space 1}   -2.34{col 59}{space 3}0.019{col 67}{space 4}-.5670728{col 80}{space 3}-.0499457
{txt}{space 13}educ_college {c |}{col 27}{res}{space 2}-.0399396{col 39}{space 2}    .1371{col 50}{space 1}   -0.29{col 59}{space 3}0.771{col 67}{space 4}-.3086506{col 80}{space 3} .2287714
{txt}{space 14}educ_beyond {c |}{col 27}{res}{space 2}        0{col 39}{txt}  (omitted)
{space 20}_cons {c |}{col 27}{res}{space 2} 2.946895{col 39}{space 2} .7683902{col 50}{space 1}    3.84{col 59}{space 3}0.000{col 67}{space 4} 1.440878{col 80}{space 3} 4.452912
{txt}{hline 26}{c BT}{hline 11}{hline 11}{hline 9}{hline 8}{hline 13}{hline 12}

{com}. 
. 
. margins urbanicity, at(CPI_gas = `p1'  )
{res}
{txt}Predictive margins{col 49}Number of obs{col 67}= {res}     7,168
{txt}Model VCE{col 14}: {res}OIM

{txt}{p2colset 1 14 16 2}{...}
{p2col:Expression}:{space 1}{res:Pr(workstatus), predict()}{p_end}
{p2colreset}{...}
{txt}{p2colset 1 14 16 2}{...}
{p2col:at}:{space 1}{res:{txt:CPI_gasoline}{space 4}{txt:=} {space 7}91.6}{p_end}
{p2colreset}{...}

{res}{txt}{hline 13}{c TT}{hline 11}{hline 11}{hline 9}{hline 8}{hline 13}{hline 12}
{col 14}{c |}{col 26} Delta-method
{col 14}{c |}     Margin{col 26}   Std. Err.{col 38}      z{col 46}   P>|z|{col 54}     [95% Con{col 67}f. Interval]
{hline 13}{c +}{hline 11}{hline 11}{hline 9}{hline 8}{hline 13}{hline 12}
{space 2}urbanicity {c |}
{space 10}1  {c |}{col 14}{res}{space 2} .8273518{col 26}{space 2}  .016312{col 37}{space 1}   50.72{col 46}{space 3}0.000{col 54}{space 4} .7953809{col 67}{space 3} .8593226
{txt}{space 10}2  {c |}{col 14}{res}{space 2} .8192781{col 26}{space 2} .0176733{col 37}{space 1}   46.36{col 46}{space 3}0.000{col 54}{space 4}  .784639{col 67}{space 3} .8539172
{txt}{space 10}3  {c |}{col 14}{res}{space 2} .7918532{col 26}{space 2} .0157224{col 37}{space 1}   50.36{col 46}{space 3}0.000{col 54}{space 4}  .761038{col 67}{space 3} .8226685
{txt}{space 10}4  {c |}{col 14}{res}{space 2} .8090718{col 26}{space 2} .0120853{col 37}{space 1}   66.95{col 46}{space 3}0.000{col 54}{space 4}  .785385{col 67}{space 3} .8327586
{txt}{hline 13}{c BT}{hline 11}{hline 11}{hline 9}{hline 8}{hline 13}{hline 12}
{res}{txt}
{com}. margins urbanicity, at(CPI_gas = `p99' )
{res}
{txt}Predictive margins{col 49}Number of obs{col 67}= {res}     7,168
{txt}Model VCE{col 14}: {res}OIM

{txt}{p2colset 1 14 16 2}{...}
{p2col:Expression}:{space 1}{res:Pr(workstatus), predict()}{p_end}
{p2colreset}{...}
{txt}{p2colset 1 14 16 2}{...}
{p2col:at}:{space 1}{res:{txt:CPI_gasoline}{space 4}{txt:=} {space 6}159.7}{p_end}
{p2colreset}{...}

{res}{txt}{hline 13}{c TT}{hline 11}{hline 11}{hline 9}{hline 8}{hline 13}{hline 12}
{col 14}{c |}{col 26} Delta-method
{col 14}{c |}     Margin{col 26}   Std. Err.{col 38}      z{col 46}   P>|z|{col 54}     [95% Con{col 67}f. Interval]
{hline 13}{c +}{hline 11}{hline 11}{hline 9}{hline 8}{hline 13}{hline 12}
{space 2}urbanicity {c |}
{space 10}1  {c |}{col 14}{res}{space 2} .8181045{col 26}{space 2} .0175948{col 37}{space 1}   46.50{col 46}{space 3}0.000{col 54}{space 4} .7836194{col 67}{space 3} .8525896
{txt}{space 10}2  {c |}{col 14}{res}{space 2} .8191294{col 26}{space 2} .0178005{col 37}{space 1}   46.02{col 46}{space 3}0.000{col 54}{space 4} .7842411{col 67}{space 3} .8540178
{txt}{space 10}3  {c |}{col 14}{res}{space 2} .7936027{col 26}{space 2} .0160831{col 37}{space 1}   49.34{col 46}{space 3}0.000{col 54}{space 4} .7620804{col 67}{space 3} .8251249
{txt}{space 10}4  {c |}{col 14}{res}{space 2} .8005684{col 26}{space 2} .0124492{col 37}{space 1}   64.31{col 46}{space 3}0.000{col 54}{space 4} .7761684{col 67}{space 3} .8249683
{txt}{hline 13}{c BT}{hline 11}{hline 11}{hline 9}{hline 8}{hline 13}{hline 12}
{res}{txt}
{com}. 
. log close
      {txt}name:  {res}<unnamed>
       {txt}log:  {res}C:\Users\pedm\Documents\GitHub\RetirementConsumptionPSID\Results\Louise\Logit.smcl
  {txt}log type:  {res}smcl
 {txt}closed on:  {res}24 Oct 2018, 00:07:25
{txt}{.-}
{smcl}
{txt}{sf}{ul off}